Archive member included to satisfy reference by file (symbol)

lib/libstm32f407_hal.a(stm32f4xx_hal.o)
                              obj/reader_hal.o (HAL_Init)
lib/libstm32f407_hal.a(stm32f4xx_hal_gpio.o)
                              obj/reader_hal.o (HAL_GPIO_Init)
lib/libstm32f407_hal.a(stm32f4xx_hal_rcc.o)
                              obj/reader_hal.o (HAL_RCC_OscConfig)
lib/libstm32f407_hal.a(stm32f4xx_hal_cortex.o)
                              lib/libstm32f407_hal.a(stm32f4xx_hal.o) (HAL_NVIC_SetPriorityGrouping)
lib/libstm32f407_hal.a(stm32f4xx_hal_smartcard.o)
                              obj/reader_hal.o (HAL_SMARTCARD_Init)
lib/libstm32f407_hal.a(stm32f4xx_hal_dma.o)
                              lib/libstm32f407_hal.a(stm32f4xx_hal_smartcard.o) (HAL_DMA_Start_IT)
/usr/lib/gcc/arm-none-eabi/6.3.1/thumb/v7e-m/libgcc.a(_aeabi_uldivmod.o)
                              lib/libstm32f407_hal.a(stm32f4xx_hal_rcc.o) (__aeabi_uldivmod)
/usr/lib/gcc/arm-none-eabi/6.3.1/thumb/v7e-m/libgcc.a(_udivmoddi4.o)
                              /usr/lib/gcc/arm-none-eabi/6.3.1/thumb/v7e-m/libgcc.a(_aeabi_uldivmod.o) (__udivmoddi4)
/usr/lib/gcc/arm-none-eabi/6.3.1/thumb/v7e-m/libgcc.a(_dvmd_tls.o)
                              /usr/lib/gcc/arm-none-eabi/6.3.1/thumb/v7e-m/libgcc.a(_aeabi_uldivmod.o) (__aeabi_ldiv0)
/usr/lib/gcc/arm-none-eabi/6.3.1/../../../arm-none-eabi/lib/thumb/v7e-m/libc.a(lib_a-atexit.o)
                              /usr/lib/gcc/arm-none-eabi/6.3.1/../../../arm-none-eabi/lib/thumb/v7e-m/crt0.o (atexit)
/usr/lib/gcc/arm-none-eabi/6.3.1/../../../arm-none-eabi/lib/thumb/v7e-m/libc.a(lib_a-exit.o)
                              /usr/lib/gcc/arm-none-eabi/6.3.1/../../../arm-none-eabi/lib/thumb/v7e-m/crt0.o (exit)
/usr/lib/gcc/arm-none-eabi/6.3.1/../../../arm-none-eabi/lib/thumb/v7e-m/libc.a(lib_a-fini.o)
                              /usr/lib/gcc/arm-none-eabi/6.3.1/../../../arm-none-eabi/lib/thumb/v7e-m/crt0.o (__libc_fini_array)
/usr/lib/gcc/arm-none-eabi/6.3.1/../../../arm-none-eabi/lib/thumb/v7e-m/libc.a(lib_a-impure.o)
                              /usr/lib/gcc/arm-none-eabi/6.3.1/../../../arm-none-eabi/lib/thumb/v7e-m/libc.a(lib_a-exit.o) (_global_impure_ptr)
/usr/lib/gcc/arm-none-eabi/6.3.1/../../../arm-none-eabi/lib/thumb/v7e-m/libc.a(lib_a-init.o)
                              /usr/lib/gcc/arm-none-eabi/6.3.1/../../../arm-none-eabi/lib/thumb/v7e-m/crt0.o (__libc_init_array)
/usr/lib/gcc/arm-none-eabi/6.3.1/../../../arm-none-eabi/lib/thumb/v7e-m/libc.a(lib_a-memset.o)
                              /usr/lib/gcc/arm-none-eabi/6.3.1/../../../arm-none-eabi/lib/thumb/v7e-m/crt0.o (memset)
/usr/lib/gcc/arm-none-eabi/6.3.1/../../../arm-none-eabi/lib/thumb/v7e-m/libc.a(lib_a-__atexit.o)
                              /usr/lib/gcc/arm-none-eabi/6.3.1/../../../arm-none-eabi/lib/thumb/v7e-m/libc.a(lib_a-atexit.o) (__register_exitproc)
/usr/lib/gcc/arm-none-eabi/6.3.1/../../../arm-none-eabi/lib/thumb/v7e-m/libc.a(lib_a-__call_atexit.o)
                              /usr/lib/gcc/arm-none-eabi/6.3.1/../../../arm-none-eabi/lib/thumb/v7e-m/libc.a(lib_a-exit.o) (__call_exitprocs)

Allocating common symbols
Common symbol       size              file

smartcardHandleStruct
                    0x50              obj/reader_hal.o
pSmartcardRxBuff    0x64              obj/main.o
uwTick              0x4               lib/libstm32f407_hal.a(stm32f4xx_hal.o)
pSmartCardTxBuff    0x64              obj/main.o

Discarded input sections

 .text          0x0000000000000000        0x0 /usr/lib/gcc/arm-none-eabi/6.3.1/thumb/v7e-m/crti.o
 .data          0x0000000000000000        0x0 /usr/lib/gcc/arm-none-eabi/6.3.1/thumb/v7e-m/crti.o
 .bss           0x0000000000000000        0x0 /usr/lib/gcc/arm-none-eabi/6.3.1/thumb/v7e-m/crti.o
 .data          0x0000000000000000        0x4 /usr/lib/gcc/arm-none-eabi/6.3.1/thumb/v7e-m/crtbegin.o
 .text          0x0000000000000000       0x68 /usr/lib/gcc/arm-none-eabi/6.3.1/../../../arm-none-eabi/lib/thumb/v7e-m/crt0.o
 .data          0x0000000000000000        0x0 /usr/lib/gcc/arm-none-eabi/6.3.1/../../../arm-none-eabi/lib/thumb/v7e-m/crt0.o
 .bss           0x0000000000000000        0x0 /usr/lib/gcc/arm-none-eabi/6.3.1/../../../arm-none-eabi/lib/thumb/v7e-m/crt0.o
 .ARM.extab     0x0000000000000000        0x0 /usr/lib/gcc/arm-none-eabi/6.3.1/../../../arm-none-eabi/lib/thumb/v7e-m/crt0.o
 .ARM.exidx     0x0000000000000000        0x8 /usr/lib/gcc/arm-none-eabi/6.3.1/../../../arm-none-eabi/lib/thumb/v7e-m/crt0.o
 .debug_line    0x0000000000000000       0x7e /usr/lib/gcc/arm-none-eabi/6.3.1/../../../arm-none-eabi/lib/thumb/v7e-m/crt0.o
 .debug_info    0x0000000000000000       0xa4 /usr/lib/gcc/arm-none-eabi/6.3.1/../../../arm-none-eabi/lib/thumb/v7e-m/crt0.o
 .debug_abbrev  0x0000000000000000       0x14 /usr/lib/gcc/arm-none-eabi/6.3.1/../../../arm-none-eabi/lib/thumb/v7e-m/crt0.o
 .debug_aranges
[...]
Memory Configuration

Name             Origin             Length             Attributes
FLASH            0x0000000008000000 0x0000000000100000 xr
RAM              0x0000000020000000 0x0000000000020000 xrw
CCMRAM           0x0000000010000000 0x0000000000010000 rw
*default*        0x0000000000000000 0xffffffffffffffff

Linker script and memory map

LOAD /usr/lib/gcc/arm-none-eabi/6.3.1/thumb/v7e-m/crti.o
LOAD /usr/lib/gcc/arm-none-eabi/6.3.1/thumb/v7e-m/crtbegin.o
LOAD /usr/lib/gcc/arm-none-eabi/6.3.1/../../../arm-none-eabi/lib/thumb/v7e-m/crt0.o
LOAD obj/main.o
LOAD obj/reader_apdu.o
LOAD obj/reader_atr.o
LOAD obj/reader.o
LOAD obj/reader_hal.o
LOAD obj/reader_periph.o
LOAD obj/reader_pps.o
LOAD obj/reader_tpdu.o
LOAD obj/reader_utils.o
LOAD obj/startup_stm32f407xx.o
LOAD obj/stm32f4xx_hal_msp.o
LOAD obj/stm32f4xx_it.o
LOAD obj/system_stm32f4xx.o
LOAD lib/libstm32f407_hal.a
START GROUP
LOAD /usr/lib/gcc/arm-none-eabi/6.3.1/thumb/v7e-m/libgcc.a
LOAD /usr/lib/gcc/arm-none-eabi/6.3.1/../../../arm-none-eabi/lib/thumb/v7e-m/libc.a
END GROUP
LOAD /usr/lib/gcc/arm-none-eabi/6.3.1/thumb/v7e-m/crtend.o
LOAD /usr/lib/gcc/arm-none-eabi/6.3.1/thumb/v7e-m/crtn.o
                0x0000000020020000                _estack = 0x20020000
                0x0000000000000200                _Min_Heap_Size = 0x200
                0x0000000000000400                _Min_Stack_Size = 0x400

.isr_vector     0x0000000008000000      0x188
                0x0000000008000000                . = ALIGN (0x4)
 *(.isr_vector)
 .isr_vector    0x0000000008000000      0x188 obj/startup_stm32f407xx.o
                0x0000000008000000                g_pfnVectors
                0x0000000008000188                . = ALIGN (0x4)

.text           0x0000000008000188     0x1768
                0x0000000008000188                . = ALIGN (0x4)
 *(.text)
 .text          0x0000000008000188       0xa4 /usr/lib/gcc/arm-none-eabi/6.3.1/thumb/v7e-m/crtbegin.o
 .text          0x000000000800022c       0x30 /usr/lib/gcc/arm-none-eabi/6.3.1/thumb/v7e-m/libgcc.a(_aeabi_uldivmod.o)
                0x000000000800022c                __aeabi_uldivmod
 .text          0x000000000800025c      0x2dc /usr/lib/gcc/arm-none-eabi/6.3.1/thumb/v7e-m/libgcc.a(_udivmoddi4.o)
                0x000000000800025c                __udivmoddi4
 .text          0x0000000008000538        0x4 /usr/lib/gcc/arm-none-eabi/6.3.1/thumb/v7e-m/libgcc.a(_dvmd_tls.o)
                0x0000000008000538                __aeabi_ldiv0
                0x0000000008000538                __aeabi_idiv0
 .text          0x000000000800053c        0xc /usr/lib/gcc/arm-none-eabi/6.3.1/../../../arm-none-eabi/lib/thumb/v7e-m/libc.a(lib_a-atexit.o)
                0x000000000800053c                atexit
 .text          0x0000000008000548       0x34 /usr/lib/gcc/arm-none-eabi/6.3.1/../../../arm-none-eabi/lib/thumb/v7e-m/libc.a(lib_a-fini.o)
                0x0000000008000548                __libc_fini_array
 .text          0x000000000800057c       0x50 /usr/lib/gcc/arm-none-eabi/6.3.1/../../../arm-none-eabi/lib/thumb/v7e-m/libc.a(lib_a-init.o)
                0x000000000800057c                __libc_init_array
 .text          0x00000000080005cc       0xa4 /usr/lib/gcc/arm-none-eabi/6.3.1/../../../arm-none-eabi/lib/thumb/v7e-m/libc.a(lib_a-__atexit.o)
                0x00000000080005cc                __register_exitproc
 *(.text*)
 .text.startup.main
                0x0000000008000670       0xbc obj/main.o
                0x0000000008000670                main
 .text.READER_HAL_SendCharFrame
                0x000000000800072c       0x1c obj/reader_hal.o
                0x000000000800072c                READER_HAL_SendCharFrame
 .text.READER_HAL_RcvCharFrame
                0x0000000008000748       0x1c obj/reader_hal.o
                0x0000000008000748                READER_HAL_RcvCharFrame
 .text.READER_HAL_SetPwrLine
                0x0000000008000764       0x24 obj/reader_hal.o
                0x0000000008000764                READER_HAL_SetPwrLine
 .text.READER_HAL_SetRstLine
                0x0000000008000788       0x24 obj/reader_hal.o
                0x0000000008000788                READER_HAL_SetRstLine
 .text.READER_HAL_SetIOLine
                0x00000000080007ac       0x24 obj/reader_hal.o
                0x00000000080007ac                READER_HAL_SetIOLine
 .text.READER_HAL_SetClkLine
                0x00000000080007d0       0x74 obj/reader_hal.o
                0x00000000080007d0                READER_HAL_SetClkLine
 .text.READER_HAL_Init
                0x0000000008000844       0xa8 obj/reader_hal.o
                0x0000000008000844                READER_HAL_Init
 .text.READER_HAL_ErrHandler
                0x00000000080008ec       0x1c obj/reader_hal.o
                0x00000000080008ec                READER_HAL_ErrHandler
 .text.READER_PERIPH_InitIOLine
                0x0000000008000908       0x44 obj/reader_periph.o
                0x0000000008000908                READER_PERIPH_InitIOLine
 .text.READER_PERIPH_InitClkLine
                0x000000000800094c       0x38 obj/reader_periph.o
                0x000000000800094c                READER_PERIPH_InitClkLine
 .text.READER_PERIPH_InitRstLine
                0x0000000008000984       0x3c obj/reader_periph.o
                0x0000000008000984                READER_PERIPH_InitRstLine
 .text.READER_PERIPH_InitPwrLine
                0x00000000080009c0       0x3c obj/reader_periph.o
                0x00000000080009c0                READER_PERIPH_InitPwrLine
 .text.READER_PERIPH_Init
                0x00000000080009fc       0x84 obj/reader_periph.o
                0x00000000080009fc                READER_PERIPH_Init
 .text.READER_UTILS_ComputeBaudRate
                0x0000000008000a80        0xa obj/reader_utils.o
                0x0000000008000a80                READER_UTILS_ComputeBaudRate
 *fill*         0x0000000008000a8a        0x2 
 .text.Reset_Handler
                0x0000000008000a8c       0x50 obj/startup_stm32f407xx.o
                0x0000000008000a8c                Reset_Handler
 .text.Default_Handler
                0x0000000008000adc        0x2 obj/startup_stm32f407xx.o
                0x0000000008000adc                RTC_Alarm_IRQHandler
                0x0000000008000adc                HASH_RNG_IRQHandler
                0x0000000008000adc                EXTI2_IRQHandler
                0x0000000008000adc                TIM8_CC_IRQHandler
                0x0000000008000adc                TIM1_CC_IRQHandler
                0x0000000008000adc                DMA2_Stream5_IRQHandler
                0x0000000008000adc                DMA1_Stream5_IRQHandler
                0x0000000008000adc                PVD_IRQHandler
                0x0000000008000adc                SDIO_IRQHandler
                0x0000000008000adc                TAMP_STAMP_IRQHandler
                0x0000000008000adc                CAN2_RX1_IRQHandler
                0x0000000008000adc                EXTI3_IRQHandler
                0x0000000008000adc                TIM8_TRG_COM_TIM14_IRQHandler
                0x0000000008000adc                TIM1_UP_TIM10_IRQHandler
                0x0000000008000adc                TIM8_UP_TIM13_IRQHandler
                0x0000000008000adc                I2C3_ER_IRQHandler
                0x0000000008000adc                I2C2_EV_IRQHandler
                0x0000000008000adc                DMA1_Stream2_IRQHandler
                0x0000000008000adc                CAN1_RX0_IRQHandler
                0x0000000008000adc                FPU_IRQHandler
                0x0000000008000adc                OTG_HS_WKUP_IRQHandler
                0x0000000008000adc                CAN2_SCE_IRQHandler
                0x0000000008000adc                DMA2_Stream2_IRQHandler
                0x0000000008000adc                SPI1_IRQHandler
                0x0000000008000adc                TIM6_DAC_IRQHandler
                0x0000000008000adc                TIM1_BRK_TIM9_IRQHandler
                0x0000000008000adc                DCMI_IRQHandler
                0x0000000008000adc                CAN2_RX0_IRQHandler
                0x0000000008000adc                DMA2_Stream3_IRQHandler
                0x0000000008000adc                USART6_IRQHandler
                0x0000000008000adc                USART3_IRQHandler
                0x0000000008000adc                CAN1_RX1_IRQHandler
                0x0000000008000adc                UART5_IRQHandler
                0x0000000008000adc                DMA2_Stream0_IRQHandler
                0x0000000008000adc                TIM4_IRQHandler
                0x0000000008000adc                I2C1_EV_IRQHandler
                0x0000000008000adc                DMA1_Stream6_IRQHandler
                0x0000000008000adc                DMA1_Stream1_IRQHandler
                0x0000000008000adc                UART4_IRQHandler
                0x0000000008000adc                TIM3_IRQHandler
                0x0000000008000adc                RCC_IRQHandler
                0x0000000008000adc                TIM8_BRK_TIM12_IRQHandler
                0x0000000008000adc                Default_Handler
                0x0000000008000adc                EXTI15_10_IRQHandler
                0x0000000008000adc                ADC_IRQHandler
                0x0000000008000adc                DMA1_Stream7_IRQHandler
                0x0000000008000adc                TIM7_IRQHandler
                0x0000000008000adc                CAN2_TX_IRQHandler
                0x0000000008000adc                TIM5_IRQHandler
                0x0000000008000adc                DMA2_Stream7_IRQHandler
                0x0000000008000adc                I2C3_EV_IRQHandler
                0x0000000008000adc                EXTI9_5_IRQHandler
                0x0000000008000adc                RTC_WKUP_IRQHandler
                0x0000000008000adc                ETH_WKUP_IRQHandler
                0x0000000008000adc                SPI2_IRQHandler
                0x0000000008000adc                OTG_HS_EP1_IN_IRQHandler
                0x0000000008000adc                DMA1_Stream0_IRQHandler
                0x0000000008000adc                CAN1_TX_IRQHandler
                0x0000000008000adc                EXTI4_IRQHandler
                0x0000000008000adc                FSMC_IRQHandler
                0x0000000008000adc                ETH_IRQHandler
                0x0000000008000adc                OTG_HS_EP1_OUT_IRQHandler
                0x0000000008000adc                WWDG_IRQHandler
                0x0000000008000adc                TIM2_IRQHandler
                0x0000000008000adc                OTG_FS_WKUP_IRQHandler
                0x0000000008000adc                TIM1_TRG_COM_TIM11_IRQHandler
                0x0000000008000adc                OTG_HS_IRQHandler
                0x0000000008000adc                EXTI1_IRQHandler
                0x0000000008000adc                I2C2_ER_IRQHandler
                0x0000000008000adc                DMA2_Stream1_IRQHandler
                0x0000000008000adc                CAN1_SCE_IRQHandler
                0x0000000008000adc                FLASH_IRQHandler
                0x0000000008000adc                DMA2_Stream4_IRQHandler
                0x0000000008000adc                OTG_FS_IRQHandler
                0x0000000008000adc                SPI3_IRQHandler
                0x0000000008000adc                DMA1_Stream4_IRQHandler
                0x0000000008000adc                I2C1_ER_IRQHandler
                0x0000000008000adc                DMA2_Stream6_IRQHandler
                0x0000000008000adc                DMA1_Stream3_IRQHandler
 *fill*         0x0000000008000ade        0x2 
 .text.HAL_MspInit
                0x0000000008000ae0       0x40 obj/stm32f4xx_hal_msp.o
                0x0000000008000ae0                HAL_MspInit
 .text.HAL_SMARTCARD_MspInit
                0x0000000008000b20       0x34 obj/stm32f4xx_hal_msp.o
                0x0000000008000b20                HAL_SMARTCARD_MspInit
 .text.NMI_Handler
                0x0000000008000b54        0x2 obj/stm32f4xx_it.o
                0x0000000008000b54                NMI_Handler
 .text.HardFault_Handler
                0x0000000008000b56        0x2 obj/stm32f4xx_it.o
                0x0000000008000b56                HardFault_Handler
 .text.MemManage_Handler
                0x0000000008000b58        0x2 obj/stm32f4xx_it.o
                0x0000000008000b58                MemManage_Handler
 .text.BusFault_Handler
                0x0000000008000b5a        0x2 obj/stm32f4xx_it.o
                0x0000000008000b5a                BusFault_Handler
 .text.UsageFault_Handler
                0x0000000008000b5c        0x2 obj/stm32f4xx_it.o
                0x0000000008000b5c                UsageFault_Handler
 .text.SVC_Handler
                0x0000000008000b5e        0x2 obj/stm32f4xx_it.o
                0x0000000008000b5e                SVC_Handler
 .text.DebugMon_Handler
                0x0000000008000b60        0x2 obj/stm32f4xx_it.o
                0x0000000008000b60                DebugMon_Handler
 .text.PendSV_Handler
                0x0000000008000b62        0x2 obj/stm32f4xx_it.o
                0x0000000008000b62                PendSV_Handler
 .text.SysTick_Handler
                0x0000000008000b64        0x4 obj/stm32f4xx_it.o
                0x0000000008000b64                SysTick_Handler
 .text.EXTI0_IRQHandler
                0x0000000008000b68        0x2 obj/stm32f4xx_it.o
                0x0000000008000b68                EXTI0_IRQHandler
 .text.USART1_IRQHandler
                0x0000000008000b6a        0x2 obj/stm32f4xx_it.o
                0x0000000008000b6a                USART1_IRQHandler
 .text.USART2_IRQHandler
                0x0000000008000b6c        0xc obj/stm32f4xx_it.o
                0x0000000008000b6c                USART2_IRQHandler
 .text.SystemInit
                0x0000000008000b78       0x40 obj/system_stm32f4xx.o
                0x0000000008000b78                SystemInit
 .text.HAL_InitTick
                0x0000000008000bb8       0x28 lib/libstm32f407_hal.a(stm32f4xx_hal.o)
                0x0000000008000bb8                HAL_InitTick
 .text.HAL_Init
                0x0000000008000be0       0x34 lib/libstm32f407_hal.a(stm32f4xx_hal.o)
                0x0000000008000be0                HAL_Init
 .text.HAL_IncTick
                0x0000000008000c14       0x10 lib/libstm32f407_hal.a(stm32f4xx_hal.o)
                0x0000000008000c14                HAL_IncTick
 .text.HAL_GetTick
                0x0000000008000c24        0xc lib/libstm32f407_hal.a(stm32f4xx_hal.o)
                0x0000000008000c24                HAL_GetTick
 .text.HAL_Delay
                0x0000000008000c30       0x20 lib/libstm32f407_hal.a(stm32f4xx_hal.o)
                0x0000000008000c30                HAL_Delay
 .text.HAL_GPIO_Init
                0x0000000008000c50      0x1c0 lib/libstm32f407_hal.a(stm32f4xx_hal_gpio.o)
                0x0000000008000c50                HAL_GPIO_Init
 .text.HAL_GPIO_WritePin
                0x0000000008000e10        0xa lib/libstm32f407_hal.a(stm32f4xx_hal_gpio.o)
                0x0000000008000e10                HAL_GPIO_WritePin
 .text.HAL_GPIO_TogglePin
                0x0000000008000e1a        0x8 lib/libstm32f407_hal.a(stm32f4xx_hal_gpio.o)
                0x0000000008000e1a                HAL_GPIO_TogglePin
 *fill*         0x0000000008000e22        0x2 
 .text.HAL_RCC_OscConfig
                0x0000000008000e24      0x2ec lib/libstm32f407_hal.a(stm32f4xx_hal_rcc.o)
                0x0000000008000e24                HAL_RCC_OscConfig
 .text.HAL_RCC_GetSysClockFreq
                0x0000000008001110       0x5c lib/libstm32f407_hal.a(stm32f4xx_hal_rcc.o)
                0x0000000008001110                HAL_RCC_GetSysClockFreq
 .text.HAL_RCC_ClockConfig
                0x000000000800116c      0x134 lib/libstm32f407_hal.a(stm32f4xx_hal_rcc.o)
                0x000000000800116c                HAL_RCC_ClockConfig
 .text.HAL_RCC_GetPCLK1Freq
                0x00000000080012a0       0x20 lib/libstm32f407_hal.a(stm32f4xx_hal_rcc.o)
                0x00000000080012a0                HAL_RCC_GetPCLK1Freq
 .text.HAL_RCC_GetPCLK2Freq
                0x00000000080012c0       0x20 lib/libstm32f407_hal.a(stm32f4xx_hal_rcc.o)
                0x00000000080012c0                HAL_RCC_GetPCLK2Freq
 .text.HAL_NVIC_SetPriorityGrouping
                0x00000000080012e0       0x24 lib/libstm32f407_hal.a(stm32f4xx_hal_cortex.o)
                0x00000000080012e0                HAL_NVIC_SetPriorityGrouping
 .text.HAL_NVIC_SetPriority
                0x0000000008001304       0x68 lib/libstm32f407_hal.a(stm32f4xx_hal_cortex.o)
                0x0000000008001304                HAL_NVIC_SetPriority
 .text.HAL_NVIC_EnableIRQ
                0x000000000800136c       0x18 lib/libstm32f407_hal.a(stm32f4xx_hal_cortex.o)
                0x000000000800136c                HAL_NVIC_EnableIRQ
 .text.HAL_SYSTICK_Config
                0x0000000008001384       0x2c lib/libstm32f407_hal.a(stm32f4xx_hal_cortex.o)
                0x0000000008001384                HAL_SYSTICK_Config
 .text.SMARTCARD_WaitOnFlagUntilTimeout.constprop.3
                0x00000000080013b0       0x50 lib/libstm32f407_hal.a(stm32f4xx_hal_smartcard.o)
 .text.HAL_SMARTCARD_Init
                0x0000000008001400      0x1dc lib/libstm32f407_hal.a(stm32f4xx_hal_smartcard.o)
                0x0000000008001400                HAL_SMARTCARD_Init
 .text.HAL_SMARTCARD_Transmit
                0x00000000080015dc       0x9a lib/libstm32f407_hal.a(stm32f4xx_hal_smartcard.o)
                0x00000000080015dc                HAL_SMARTCARD_Transmit
 .text.HAL_SMARTCARD_Receive
                0x0000000008001676       0x86 lib/libstm32f407_hal.a(stm32f4xx_hal_smartcard.o)
                0x0000000008001676                HAL_SMARTCARD_Receive
 .text.HAL_SMARTCARD_TxCpltCallback
                0x00000000080016fc        0x2 lib/libstm32f407_hal.a(stm32f4xx_hal_smartcard.o)
                0x00000000080016fc                HAL_SMARTCARD_TxCpltCallback
 .text.HAL_SMARTCARD_RxCpltCallback
                0x00000000080016fe        0x2 lib/libstm32f407_hal.a(stm32f4xx_hal_smartcard.o)
                0x00000000080016fe                HAL_SMARTCARD_RxCpltCallback
 .text.SMARTCARD_Receive_IT
                0x0000000008001700       0x4c lib/libstm32f407_hal.a(stm32f4xx_hal_smartcard.o)
 .text.HAL_SMARTCARD_ErrorCallback
                0x000000000800174c        0x2 lib/libstm32f407_hal.a(stm32f4xx_hal_smartcard.o)
                0x000000000800174c                HAL_SMARTCARD_ErrorCallback
 *fill*         0x000000000800174e        0x2 
 .text.HAL_SMARTCARD_IRQHandler
                0x0000000008001750      0x140 lib/libstm32f407_hal.a(stm32f4xx_hal_smartcard.o)
                0x0000000008001750                HAL_SMARTCARD_IRQHandler
 .text.SMARTCARD_DMAAbortOnError
                0x0000000008001890       0x10 lib/libstm32f407_hal.a(stm32f4xx_hal_smartcard.o)
 .text.HAL_DMA_Abort_IT
                0x00000000080018a0       0x24 lib/libstm32f407_hal.a(stm32f4xx_hal_dma.o)
                0x00000000080018a0                HAL_DMA_Abort_IT
 .text.startup  0x00000000080018c4       0x14 /usr/lib/gcc/arm-none-eabi/6.3.1/../../../arm-none-eabi/lib/thumb/v7e-m/libc.a(lib_a-__call_atexit.o)
 *(.glue_7)
 .glue_7        0x00000000080018d8        0x0 linker stubs
 *(.glue_7t)
 .glue_7t       0x00000000080018d8        0x0 linker stubs
 *(.eh_frame)
 .eh_frame      0x00000000080018d8        0x0 /usr/lib/gcc/arm-none-eabi/6.3.1/thumb/v7e-m/crtbegin.o
 *(.init)
 .init          0x00000000080018d8        0x4 /usr/lib/gcc/arm-none-eabi/6.3.1/thumb/v7e-m/crti.o
                0x00000000080018d8                _init
 .init          0x00000000080018dc        0x8 /usr/lib/gcc/arm-none-eabi/6.3.1/thumb/v7e-m/crtn.o
 *(.fini)
 .fini          0x00000000080018e4        0x4 /usr/lib/gcc/arm-none-eabi/6.3.1/thumb/v7e-m/crti.o
                0x00000000080018e4                _fini
 .fini          0x00000000080018e8        0x8 /usr/lib/gcc/arm-none-eabi/6.3.1/thumb/v7e-m/crtn.o
                0x00000000080018f0                . = ALIGN (0x4)
                0x00000000080018f0                _etext = .

.vfp11_veneer   0x00000000080018f0        0x0
 .vfp11_veneer  0x00000000080018f0        0x0 linker stubs

.v4_bx          0x00000000080018f0        0x0
 .v4_bx         0x00000000080018f0        0x0 linker stubs

.iplt           0x00000000080018f0        0x0
 .iplt          0x00000000080018f0        0x0 /usr/lib/gcc/arm-none-eabi/6.3.1/thumb/v7e-m/crtbegin.o

.rodata         0x00000000080018f0       0x20
                0x00000000080018f0                . = ALIGN (0x4)
 *(.rodata)
 .rodata        0x00000000080018f0        0x4 /usr/lib/gcc/arm-none-eabi/6.3.1/../../../arm-none-eabi/lib/thumb/v7e-m/libc.a(lib_a-impure.o)
                0x00000000080018f0                _global_impure_ptr
 *(.rodata*)
 .rodata.AHBPrescTable
                0x00000000080018f4       0x10 obj/system_stm32f4xx.o
                0x00000000080018f4                AHBPrescTable
 .rodata.APBPrescTable
                0x0000000008001904        0x8 obj/system_stm32f4xx.o
                0x0000000008001904                APBPrescTable
 .rodata.str1.4
                0x000000000800190c        0x4 /usr/lib/gcc/arm-none-eabi/6.3.1/../../../arm-none-eabi/lib/thumb/v7e-m/libc.a(lib_a-impure.o)
                                          0x2 (size before relaxing)
                0x0000000008001910                . = ALIGN (0x4)

.ARM.extab
 *(.ARM.extab* .gnu.linkonce.armextab.*)

.ARM            0x0000000008001910        0x8
                0x0000000008001910                __exidx_start = .
 *(.ARM.exidx*)
 .ARM.exidx     0x0000000008001910        0x8 /usr/lib/gcc/arm-none-eabi/6.3.1/thumb/v7e-m/libgcc.a(_udivmoddi4.o)
                0x0000000008001918                __exidx_end = .

.rel.dyn        0x0000000008001918        0x0
 .rel.iplt      0x0000000008001918        0x0 /usr/lib/gcc/arm-none-eabi/6.3.1/thumb/v7e-m/crtbegin.o

.preinit_array  0x0000000008001918        0x0
                0x0000000008001918                PROVIDE (__preinit_array_start, .)
 *(.preinit_array*)
                0x0000000008001918                PROVIDE (__preinit_array_end, .)

.init_array     0x0000000008001918        0x8
                0x0000000008001918                PROVIDE (__init_array_start, .)
 *(SORT(.init_array.*))
 .init_array.00000
                0x0000000008001918        0x4 /usr/lib/gcc/arm-none-eabi/6.3.1/../../../arm-none-eabi/lib/thumb/v7e-m/libc.a(lib_a-__call_atexit.o)
 *(.init_array*)
 .init_array    0x000000000800191c        0x4 /usr/lib/gcc/arm-none-eabi/6.3.1/thumb/v7e-m/crtbegin.o
                0x0000000008001920                PROVIDE (__init_array_end, .)

.fini_array     0x0000000008001920        0x4
                0x0000000008001920                PROVIDE (__fini_array_start, .)
 *(SORT(.fini_array.*))
 *(.fini_array*)
 .fini_array    0x0000000008001920        0x4 /usr/lib/gcc/arm-none-eabi/6.3.1/thumb/v7e-m/crtbegin.o
                0x0000000008001924                PROVIDE (__fini_array_end, .)
                0x0000000008001924                _sidata = LOADADDR (.data)

.data           0x0000000020000000      0x434 load address 0x0000000008001924
                0x0000000020000000                . = ALIGN (0x4)
                0x0000000020000000                _sdata = .
 *(.data)
 .data          0x0000000020000000      0x430 /usr/lib/gcc/arm-none-eabi/6.3.1/../../../arm-none-eabi/lib/thumb/v7e-m/libc.a(lib_a-impure.o)
                0x0000000020000000                _impure_ptr
 *(.data*)
 .data.SystemCoreClock
                0x0000000020000430        0x4 obj/system_stm32f4xx.o
                0x0000000020000430                SystemCoreClock
                0x0000000020000434                . = ALIGN (0x4)
                0x0000000020000434                _edata = .
                0x0000000008001d58                _siccmram = LOADADDR (.ccmram)

.jcr            0x0000000020000434        0x0 load address 0x0000000008001d58
 .jcr           0x0000000020000434        0x0 /usr/lib/gcc/arm-none-eabi/6.3.1/thumb/v7e-m/crtbegin.o

.tm_clone_table
                0x0000000020000434        0x0 load address 0x0000000008001d58
 .tm_clone_table
                0x0000000020000434        0x0 /usr/lib/gcc/arm-none-eabi/6.3.1/thumb/v7e-m/crtbegin.o
 .tm_clone_table
                0x0000000020000434        0x0 /usr/lib/gcc/arm-none-eabi/6.3.1/thumb/v7e-m/crtend.o

.igot.plt       0x0000000020000434        0x0 load address 0x0000000008001d58
 .igot.plt      0x0000000020000434        0x0 /usr/lib/gcc/arm-none-eabi/6.3.1/thumb/v7e-m/crtbegin.o

.ccmram         0x0000000010000000        0x0 load address 0x0000000008001d58
                0x0000000010000000                . = ALIGN (0x4)
                0x0000000010000000                _sccmram = .
 *(.ccmram)
 *(.ccmram*)
                0x0000000010000000                . = ALIGN (0x4)
                0x0000000010000000                _eccmram = .
                0x0000000010000000                . = ALIGN (0x4)

.bss            0x0000000020000434      0x138
                0x0000000020000434                _sbss = .
                0x0000000020000434                __bss_start__ = _sbss
 *(.bss)
 .bss           0x0000000020000434       0x1c /usr/lib/gcc/arm-none-eabi/6.3.1/thumb/v7e-m/crtbegin.o
 *(.bss*)
 *(COMMON)
 COMMON         0x0000000020000450       0xc8 obj/main.o
                0x0000000020000450                pSmartcardRxBuff
                0x00000000200004b4                pSmartCardTxBuff
 COMMON         0x0000000020000518       0x50 obj/reader_hal.o
                0x0000000020000518                smartcardHandleStruct
 COMMON         0x0000000020000568        0x4 lib/libstm32f407_hal.a(stm32f4xx_hal.o)
                0x0000000020000568                uwTick
                0x000000002000056c                . = ALIGN (0x4)
                0x000000002000056c                _ebss = .
                0x000000002000056c                __bss_end__ = _ebss

._user_heap_stack
                0x000000002000056c      0x600
                0x000000002000056c                . = ALIGN (0x4)
                [!provide]                        PROVIDE (end, .)
                [!provide]                        PROVIDE (_end, .)
                0x000000002000076c                . = (. + _Min_Heap_Size)
 *fill*         0x000000002000056c      0x200 
                0x0000000020000b6c                . = (. + _Min_Stack_Size)
 *fill*         0x000000002000076c      0x400 
                0x0000000020000b6c                . = ALIGN (0x4)

/DISCARD/
 libc.a(*)
 libm.a(*)
 libgcc.a(*)

.ARM.attributes
                0x0000000000000000       0x2a
 *(.ARM.attributes)
 .ARM.attributes
                0x0000000000000000       0x1e /usr/lib/gcc/arm-none-eabi/6.3.1/thumb/v7e-m/crti.o
 .ARM.attributes
                0x000000000000001e       0x2e /usr/lib/gcc/arm-none-eabi/6.3.1/thumb/v7e-m/crtbegin.o
 .ARM.attributes
                0x000000000000004c       0x33 obj/main.o
 .ARM.attributes
                0x000000000000007f       0x33 obj/reader_hal.o
 .ARM.attributes
                0x00000000000000b2       0x33 obj/reader_periph.o
 .ARM.attributes
                0x00000000000000e5       0x33 obj/reader_utils.o
 .ARM.attributes
                0x0000000000000118       0x21 obj/startup_stm32f407xx.o
 .ARM.attributes
                0x0000000000000139       0x33 obj/stm32f4xx_hal_msp.o
 .ARM.attributes
                0x000000000000016c       0x33 obj/stm32f4xx_it.o
 .ARM.attributes
                0x000000000000019f       0x33 obj/system_stm32f4xx.o
 .ARM.attributes
                0x00000000000001d2       0x33 lib/libstm32f407_hal.a(stm32f4xx_hal.o)
 .ARM.attributes
                0x0000000000000205       0x33 lib/libstm32f407_hal.a(stm32f4xx_hal_gpio.o)
 .ARM.attributes
                0x0000000000000238       0x33 lib/libstm32f407_hal.a(stm32f4xx_hal_rcc.o)
 .ARM.attributes
                0x000000000000026b       0x33 lib/libstm32f407_hal.a(stm32f4xx_hal_cortex.o)
 .ARM.attributes
                0x000000000000029e       0x33 lib/libstm32f407_hal.a(stm32f4xx_hal_smartcard.o)
 .ARM.attributes
                0x00000000000002d1       0x33 lib/libstm32f407_hal.a(stm32f4xx_hal_dma.o)
 .ARM.attributes
                0x0000000000000304       0x1e /usr/lib/gcc/arm-none-eabi/6.3.1/thumb/v7e-m/libgcc.a(_aeabi_uldivmod.o)
 .ARM.attributes
                0x0000000000000322       0x2e /usr/lib/gcc/arm-none-eabi/6.3.1/thumb/v7e-m/libgcc.a(_udivmoddi4.o)
 .ARM.attributes
                0x0000000000000350       0x1e /usr/lib/gcc/arm-none-eabi/6.3.1/thumb/v7e-m/libgcc.a(_dvmd_tls.o)
 .ARM.attributes
                0x000000000000036e       0x2e /usr/lib/gcc/arm-none-eabi/6.3.1/../../../arm-none-eabi/lib/thumb/v7e-m/libc.a(lib_a-atexit.o)
 .ARM.attributes
                0x000000000000039c       0x2e /usr/lib/gcc/arm-none-eabi/6.3.1/../../../arm-none-eabi/lib/thumb/v7e-m/libc.a(lib_a-fini.o)
 .ARM.attributes
                0x00000000000003ca       0x2e /usr/lib/gcc/arm-none-eabi/6.3.1/../../../arm-none-eabi/lib/thumb/v7e-m/libc.a(lib_a-impure.o)
 .ARM.attributes
                0x00000000000003f8       0x2e /usr/lib/gcc/arm-none-eabi/6.3.1/../../../arm-none-eabi/lib/thumb/v7e-m/libc.a(lib_a-init.o)
 .ARM.attributes
                0x0000000000000426       0x2e /usr/lib/gcc/arm-none-eabi/6.3.1/../../../arm-none-eabi/lib/thumb/v7e-m/libc.a(lib_a-__atexit.o)
 .ARM.attributes
                0x0000000000000454       0x2e /usr/lib/gcc/arm-none-eabi/6.3.1/../../../arm-none-eabi/lib/thumb/v7e-m/libc.a(lib_a-__call_atexit.o)
 .ARM.attributes
                0x0000000000000482       0x2e /usr/lib/gcc/arm-none-eabi/6.3.1/thumb/v7e-m/crtend.o
 .ARM.attributes
                0x00000000000004b0       0x1e /usr/lib/gcc/arm-none-eabi/6.3.1/thumb/v7e-m/crtn.o
OUTPUT(out/test.elf elf32-littlearm)

.comment        0x0000000000000000       0x56
 .comment       0x0000000000000000       0x2b /usr/lib/gcc/arm-none-eabi/6.3.1/thumb/v7e-m/crtbegin.o
                                         0x2c (size before relaxing)
 .comment       0x000000000000002b       0x2c obj/main.o
 .comment       0x000000000000002b       0x2c obj/reader_hal.o
 .comment       0x000000000000002b       0x2c obj/reader_periph.o
 .comment       0x000000000000002b       0x2c obj/reader_utils.o
 .comment       0x000000000000002b       0x2c obj/stm32f4xx_hal_msp.o
 .comment       0x000000000000002b       0x2c obj/stm32f4xx_it.o
 .comment       0x000000000000002b       0x2c obj/system_stm32f4xx.o
 .comment       0x000000000000002b       0x2c lib/libstm32f407_hal.a(stm32f4xx_hal.o)
 .comment       0x000000000000002b       0x2c lib/libstm32f407_hal.a(stm32f4xx_hal_gpio.o)
 .comment       0x000000000000002b       0x2c lib/libstm32f407_hal.a(stm32f4xx_hal_rcc.o)
 .comment       0x000000000000002b       0x2c lib/libstm32f407_hal.a(stm32f4xx_hal_cortex.o)
 .comment       0x000000000000002b       0x2c lib/libstm32f407_hal.a(stm32f4xx_hal_smartcard.o)
 .comment       0x000000000000002b       0x2c lib/libstm32f407_hal.a(stm32f4xx_hal_dma.o)
 .comment       0x000000000000002b       0x2c /usr/lib/gcc/arm-none-eabi/6.3.1/thumb/v7e-m/libgcc.a(_udivmoddi4.o)
 .comment       0x000000000000002b       0x2b /usr/lib/gcc/arm-none-eabi/6.3.1/../../../arm-none-eabi/lib/thumb/v7e-m/libc.a(lib_a-atexit.o)
                                         0x2c (size before relaxing)
 .comment       0x0000000000000056       0x2c /usr/lib/gcc/arm-none-eabi/6.3.1/../../../arm-none-eabi/lib/thumb/v7e-m/libc.a(lib_a-fini.o)
 .comment       0x0000000000000056       0x2c /usr/lib/gcc/arm-none-eabi/6.3.1/../../../arm-none-eabi/lib/thumb/v7e-m/libc.a(lib_a-impure.o)
 .comment       0x0000000000000056       0x2c /usr/lib/gcc/arm-none-eabi/6.3.1/../../../arm-none-eabi/lib/thumb/v7e-m/libc.a(lib_a-init.o)
 .comment       0x0000000000000056       0x2c /usr/lib/gcc/arm-none-eabi/6.3.1/../../../arm-none-eabi/lib/thumb/v7e-m/libc.a(lib_a-__atexit.o)
 .comment       0x0000000000000056       0x2c /usr/lib/gcc/arm-none-eabi/6.3.1/../../../arm-none-eabi/lib/thumb/v7e-m/libc.a(lib_a-__call_atexit.o)
 .comment       0x0000000000000056       0x2c /usr/lib/gcc/arm-none-eabi/6.3.1/thumb/v7e-m/crtend.o

.debug_line     0x0000000000000000      0x9c9
 .debug_line    0x0000000000000000       0x61 /usr/lib/gcc/arm-none-eabi/6.3.1/thumb/v7e-m/libgcc.a(_aeabi_uldivmod.o)
 .debug_line    0x0000000000000061      0x240 /usr/lib/gcc/arm-none-eabi/6.3.1/thumb/v7e-m/libgcc.a(_udivmoddi4.o)
 .debug_line    0x00000000000002a1       0x61 /usr/lib/gcc/arm-none-eabi/6.3.1/thumb/v7e-m/libgcc.a(_dvmd_tls.o)
 .debug_line    0x0000000000000302      0x151 /usr/lib/gcc/arm-none-eabi/6.3.1/../../../arm-none-eabi/lib/thumb/v7e-m/libc.a(lib_a-atexit.o)
 .debug_line    0x0000000000000453       0x9f /usr/lib/gcc/arm-none-eabi/6.3.1/../../../arm-none-eabi/lib/thumb/v7e-m/libc.a(lib_a-fini.o)
 .debug_line    0x00000000000004f2       0xe9 /usr/lib/gcc/arm-none-eabi/6.3.1/../../../arm-none-eabi/lib/thumb/v7e-m/libc.a(lib_a-impure.o)
 .debug_line    0x00000000000005db       0xb8 /usr/lib/gcc/arm-none-eabi/6.3.1/../../../arm-none-eabi/lib/thumb/v7e-m/libc.a(lib_a-init.o)
 .debug_line    0x0000000000000693      0x184 /usr/lib/gcc/arm-none-eabi/6.3.1/../../../arm-none-eabi/lib/thumb/v7e-m/libc.a(lib_a-__atexit.o)
 .debug_line    0x0000000000000817      0x1b2 /usr/lib/gcc/arm-none-eabi/6.3.1/../../../arm-none-eabi/lib/thumb/v7e-m/libc.a(lib_a-__call_atexit.o)

.debug_info     0x0000000000000000     0x3462
 .debug_info    0x0000000000000000       0xbc /usr/lib/gcc/arm-none-eabi/6.3.1/thumb/v7e-m/libgcc.a(_aeabi_uldivmod.o)
 .debug_info    0x00000000000000bc      0xc24 /usr/lib/gcc/arm-none-eabi/6.3.1/thumb/v7e-m/libgcc.a(_udivmoddi4.o)
 .debug_info    0x0000000000000ce0       0xc0 /usr/lib/gcc/arm-none-eabi/6.3.1/thumb/v7e-m/libgcc.a(_dvmd_tls.o)
 .debug_info    0x0000000000000da0      0x907 /usr/lib/gcc/arm-none-eabi/6.3.1/../../../arm-none-eabi/lib/thumb/v7e-m/libc.a(lib_a-atexit.o)
 .debug_info    0x00000000000016a7       0xfa /usr/lib/gcc/arm-none-eabi/6.3.1/../../../arm-none-eabi/lib/thumb/v7e-m/libc.a(lib_a-fini.o)
 .debug_info    0x00000000000017a1      0x8a5 /usr/lib/gcc/arm-none-eabi/6.3.1/../../../arm-none-eabi/lib/thumb/v7e-m/libc.a(lib_a-impure.o)
 .debug_info    0x0000000000002046      0x110 /usr/lib/gcc/arm-none-eabi/6.3.1/../../../arm-none-eabi/lib/thumb/v7e-m/libc.a(lib_a-init.o)
 .debug_info    0x0000000000002156      0x950 /usr/lib/gcc/arm-none-eabi/6.3.1/../../../arm-none-eabi/lib/thumb/v7e-m/libc.a(lib_a-__atexit.o)
 .debug_info    0x0000000000002aa6      0x9bc /usr/lib/gcc/arm-none-eabi/6.3.1/../../../arm-none-eabi/lib/thumb/v7e-m/libc.a(lib_a-__call_atexit.o)

.debug_abbrev   0x0000000000000000      0xb3a
 .debug_abbrev  0x0000000000000000       0x14 /usr/lib/gcc/arm-none-eabi/6.3.1/thumb/v7e-m/libgcc.a(_aeabi_uldivmod.o)
 .debug_abbrev  0x0000000000000014      0x18c /usr/lib/gcc/arm-none-eabi/6.3.1/thumb/v7e-m/libgcc.a(_udivmoddi4.o)
 .debug_abbrev  0x00000000000001a0       0x14 /usr/lib/gcc/arm-none-eabi/6.3.1/thumb/v7e-m/libgcc.a(_dvmd_tls.o)
 .debug_abbrev  0x00000000000001b4      0x1f6 /usr/lib/gcc/arm-none-eabi/6.3.1/../../../arm-none-eabi/lib/thumb/v7e-m/libc.a(lib_a-atexit.o)
 .debug_abbrev  0x00000000000003aa       0xbd /usr/lib/gcc/arm-none-eabi/6.3.1/../../../arm-none-eabi/lib/thumb/v7e-m/libc.a(lib_a-fini.o)
 .debug_abbrev  0x0000000000000467      0x189 /usr/lib/gcc/arm-none-eabi/6.3.1/../../../arm-none-eabi/lib/thumb/v7e-m/libc.a(lib_a-impure.o)
 .debug_abbrev  0x00000000000005f0       0xba /usr/lib/gcc/arm-none-eabi/6.3.1/../../../arm-none-eabi/lib/thumb/v7e-m/libc.a(lib_a-init.o)
 .debug_abbrev  0x00000000000006aa      0x220 /usr/lib/gcc/arm-none-eabi/6.3.1/../../../arm-none-eabi/lib/thumb/v7e-m/libc.a(lib_a-__atexit.o)
 .debug_abbrev  0x00000000000008ca      0x270 /usr/lib/gcc/arm-none-eabi/6.3.1/../../../arm-none-eabi/lib/thumb/v7e-m/libc.a(lib_a-__call_atexit.o)

.debug_aranges  0x0000000000000000      0x120
 .debug_aranges
                0x0000000000000000       0x20 /usr/lib/gcc/arm-none-eabi/6.3.1/thumb/v7e-m/libgcc.a(_aeabi_uldivmod.o)
 .debug_aranges
                0x0000000000000020       0x20 /usr/lib/gcc/arm-none-eabi/6.3.1/thumb/v7e-m/libgcc.a(_udivmoddi4.o)
 .debug_aranges
                0x0000000000000040       0x20 /usr/lib/gcc/arm-none-eabi/6.3.1/thumb/v7e-m/libgcc.a(_dvmd_tls.o)
 .debug_aranges
                0x0000000000000060       0x20 /usr/lib/gcc/arm-none-eabi/6.3.1/../../../arm-none-eabi/lib/thumb/v7e-m/libc.a(lib_a-atexit.o)
 .debug_aranges
                0x0000000000000080       0x20 /usr/lib/gcc/arm-none-eabi/6.3.1/../../../arm-none-eabi/lib/thumb/v7e-m/libc.a(lib_a-fini.o)
 .debug_aranges
                0x00000000000000a0       0x18 /usr/lib/gcc/arm-none-eabi/6.3.1/../../../arm-none-eabi/lib/thumb/v7e-m/libc.a(lib_a-impure.o)
 .debug_aranges
                0x00000000000000b8       0x20 /usr/lib/gcc/arm-none-eabi/6.3.1/../../../arm-none-eabi/lib/thumb/v7e-m/libc.a(lib_a-init.o)
 .debug_aranges
                0x00000000000000d8       0x20 /usr/lib/gcc/arm-none-eabi/6.3.1/../../../arm-none-eabi/lib/thumb/v7e-m/libc.a(lib_a-__atexit.o)
 .debug_aranges
                0x00000000000000f8       0x28 /usr/lib/gcc/arm-none-eabi/6.3.1/../../../arm-none-eabi/lib/thumb/v7e-m/libc.a(lib_a-__call_atexit.o)

.debug_frame    0x0000000000000000      0x164
 .debug_frame   0x0000000000000000       0x2c /usr/lib/gcc/arm-none-eabi/6.3.1/thumb/v7e-m/libgcc.a(_aeabi_uldivmod.o)
 .debug_frame   0x000000000000002c       0x34 /usr/lib/gcc/arm-none-eabi/6.3.1/thumb/v7e-m/libgcc.a(_udivmoddi4.o)
 .debug_frame   0x0000000000000060       0x20 /usr/lib/gcc/arm-none-eabi/6.3.1/../../../arm-none-eabi/lib/thumb/v7e-m/libc.a(lib_a-atexit.o)
 .debug_frame   0x0000000000000080       0x34 /usr/lib/gcc/arm-none-eabi/6.3.1/../../../arm-none-eabi/lib/thumb/v7e-m/libc.a(lib_a-fini.o)
 .debug_frame   0x00000000000000b4       0x2c /usr/lib/gcc/arm-none-eabi/6.3.1/../../../arm-none-eabi/lib/thumb/v7e-m/libc.a(lib_a-init.o)
 .debug_frame   0x00000000000000e0       0x34 /usr/lib/gcc/arm-none-eabi/6.3.1/../../../arm-none-eabi/lib/thumb/v7e-m/libc.a(lib_a-__atexit.o)
 .debug_frame   0x0000000000000114       0x50 /usr/lib/gcc/arm-none-eabi/6.3.1/../../../arm-none-eabi/lib/thumb/v7e-m/libc.a(lib_a-__call_atexit.o)

.debug_loc      0x0000000000000000     0x11dd
 .debug_loc     0x0000000000000000      0xd77 /usr/lib/gcc/arm-none-eabi/6.3.1/thumb/v7e-m/libgcc.a(_udivmoddi4.o)
 .debug_loc     0x0000000000000d77       0x2c /usr/lib/gcc/arm-none-eabi/6.3.1/../../../arm-none-eabi/lib/thumb/v7e-m/libc.a(lib_a-atexit.o)
 .debug_loc     0x0000000000000da3       0x5c /usr/lib/gcc/arm-none-eabi/6.3.1/../../../arm-none-eabi/lib/thumb/v7e-m/libc.a(lib_a-fini.o)
 .debug_loc     0x0000000000000dff       0xae /usr/lib/gcc/arm-none-eabi/6.3.1/../../../arm-none-eabi/lib/thumb/v7e-m/libc.a(lib_a-init.o)
 .debug_loc     0x0000000000000ead      0x197 /usr/lib/gcc/arm-none-eabi/6.3.1/../../../arm-none-eabi/lib/thumb/v7e-m/libc.a(lib_a-__atexit.o)
 .debug_loc     0x0000000000001044      0x199 /usr/lib/gcc/arm-none-eabi/6.3.1/../../../arm-none-eabi/lib/thumb/v7e-m/libc.a(lib_a-__call_atexit.o)

.debug_ranges   0x0000000000000000      0x108
 .debug_ranges  0x0000000000000000       0xd0 /usr/lib/gcc/arm-none-eabi/6.3.1/thumb/v7e-m/libgcc.a(_udivmoddi4.o)
 .debug_ranges  0x00000000000000d0       0x38 /usr/lib/gcc/arm-none-eabi/6.3.1/../../../arm-none-eabi/lib/thumb/v7e-m/libc.a(lib_a-__call_atexit.o)

.debug_str      0x0000000000000000     0x13be
 .debug_str     0x0000000000000000      0xc35 /usr/lib/gcc/arm-none-eabi/6.3.1/thumb/v7e-m/libgcc.a(_udivmoddi4.o)
                                        0xcbe (size before relaxing)
 .debug_str     0x0000000000000c35      0x4e0 /usr/lib/gcc/arm-none-eabi/6.3.1/../../../arm-none-eabi/lib/thumb/v7e-m/libc.a(lib_a-atexit.o)
                                        0x5b2 (size before relaxing)
 .debug_str     0x0000000000001115       0xc6 /usr/lib/gcc/arm-none-eabi/6.3.1/../../../arm-none-eabi/lib/thumb/v7e-m/libc.a(lib_a-fini.o)
                                        0x1cb (size before relaxing)
 .debug_str     0x00000000000011db       0x99 /usr/lib/gcc/arm-none-eabi/6.3.1/../../../arm-none-eabi/lib/thumb/v7e-m/libc.a(lib_a-impure.o)
                                        0x567 (size before relaxing)
 .debug_str     0x0000000000001274       0x93 /usr/lib/gcc/arm-none-eabi/6.3.1/../../../arm-none-eabi/lib/thumb/v7e-m/libc.a(lib_a-init.o)
                                        0x1f5 (size before relaxing)
 .debug_str     0x0000000000001307       0x41 /usr/lib/gcc/arm-none-eabi/6.3.1/../../../arm-none-eabi/lib/thumb/v7e-m/libc.a(lib_a-__atexit.o)
                                        0x5cc (size before relaxing)
 .debug_str     0x0000000000001348       0x76 /usr/lib/gcc/arm-none-eabi/6.3.1/../../../arm-none-eabi/lib/thumb/v7e-m/libc.a(lib_a-__call_atexit.o)
                                        0x5dd (size before relaxing)

Cross Reference Table

Symbol                                            File
ADC_IRQHandler                                    obj/startup_stm32f407xx.o
AHBPrescTable                                     obj/system_stm32f4xx.o
                                                  lib/libstm32f407_hal.a(stm32f4xx_hal_rcc.o)
APBPrescTable                                     obj/system_stm32f4xx.o
                                                  lib/libstm32f407_hal.a(stm32f4xx_hal_rcc.o)
BusFault_Handler                                  obj/stm32f4xx_it.o
                                                  obj/startup_stm32f407xx.o
CAN1_RX0_IRQHandler                               obj/startup_stm32f407xx.o
CAN1_RX1_IRQHandler                               obj/startup_stm32f407xx.o
CAN1_SCE_IRQHandler                               obj/startup_stm32f407xx.o
CAN1_TX_IRQHandler                                obj/startup_stm32f407xx.o
CAN2_RX0_IRQHandler                               obj/startup_stm32f407xx.o
CAN2_RX1_IRQHandler                               obj/startup_stm32f407xx.o
CAN2_SCE_IRQHandler                               obj/startup_stm32f407xx.o
CAN2_TX_IRQHandler                                obj/startup_stm32f407xx.o
DCMI_IRQHandler                                   obj/startup_stm32f407xx.o
DMA1_Stream0_IRQHandler                           obj/startup_stm32f407xx.o
DMA1_Stream1_IRQHandler                           obj/startup_stm32f407xx.o
DMA1_Stream2_IRQHandler                           obj/startup_stm32f407xx.o
DMA1_Stream3_IRQHandler                           obj/startup_stm32f407xx.o
DMA1_Stream4_IRQHandler                           obj/startup_stm32f407xx.o
DMA1_Stream5_IRQHandler                           obj/startup_stm32f407xx.o
DMA1_Stream6_IRQHandler                           obj/startup_stm32f407xx.o
DMA1_Stream7_IRQHandler                           obj/startup_stm32f407xx.o
DMA2_Stream0_IRQHandler                           obj/startup_stm32f407xx.o
DMA2_Stream1_IRQHandler                           obj/startup_stm32f407xx.o
DMA2_Stream2_IRQHandler                           obj/startup_stm32f407xx.o
DMA2_Stream3_IRQHandler                           obj/startup_stm32f407xx.o
DMA2_Stream4_IRQHandler                           obj/startup_stm32f407xx.o
DMA2_Stream5_IRQHandler                           obj/startup_stm32f407xx.o
DMA2_Stream6_IRQHandler                           obj/startup_stm32f407xx.o
DMA2_Stream7_IRQHandler                           obj/startup_stm32f407xx.o
DebugMon_Handler                                  obj/stm32f4xx_it.o
                                                  obj/startup_stm32f407xx.o
Default_Handler                                   obj/startup_stm32f407xx.o
ETH_IRQHandler                                    obj/startup_stm32f407xx.o
ETH_WKUP_IRQHandler                               obj/startup_stm32f407xx.o
EXTI0_IRQHandler                                  obj/stm32f4xx_it.o
                                                  obj/startup_stm32f407xx.o
EXTI15_10_IRQHandler                              obj/startup_stm32f407xx.o
EXTI1_IRQHandler                                  obj/startup_stm32f407xx.o
EXTI2_IRQHandler                                  obj/startup_stm32f407xx.o
EXTI3_IRQHandler                                  obj/startup_stm32f407xx.o
EXTI4_IRQHandler                                  obj/startup_stm32f407xx.o
EXTI9_5_IRQHandler                                obj/startup_stm32f407xx.o
FLASH_IRQHandler                                  obj/startup_stm32f407xx.o
FPU_IRQHandler                                    obj/startup_stm32f407xx.o
FSMC_IRQHandler                                   obj/startup_stm32f407xx.o
HAL_DBGMCU_DisableDBGSleepMode                    lib/libstm32f407_hal.a(stm32f4xx_hal.o)
HAL_DBGMCU_DisableDBGStandbyMode                  lib/libstm32f407_hal.a(stm32f4xx_hal.o)
HAL_DBGMCU_DisableDBGStopMode                     lib/libstm32f407_hal.a(stm32f4xx_hal.o)
HAL_DBGMCU_EnableDBGSleepMode                     lib/libstm32f407_hal.a(stm32f4xx_hal.o)
HAL_DBGMCU_EnableDBGStandbyMode                   lib/libstm32f407_hal.a(stm32f4xx_hal.o)
HAL_DBGMCU_EnableDBGStopMode                      lib/libstm32f407_hal.a(stm32f4xx_hal.o)
HAL_DMA_Abort                                     lib/libstm32f407_hal.a(stm32f4xx_hal_dma.o)
                                                  lib/libstm32f407_hal.a(stm32f4xx_hal_smartcard.o)
HAL_DMA_Abort_IT                                  lib/libstm32f407_hal.a(stm32f4xx_hal_dma.o)
                                                  lib/libstm32f407_hal.a(stm32f4xx_hal_smartcard.o)
HAL_DMA_DeInit                                    lib/libstm32f407_hal.a(stm32f4xx_hal_dma.o)
HAL_DMA_GetError                                  lib/libstm32f407_hal.a(stm32f4xx_hal_dma.o)
HAL_DMA_GetState                                  lib/libstm32f407_hal.a(stm32f4xx_hal_dma.o)
HAL_DMA_IRQHandler                                lib/libstm32f407_hal.a(stm32f4xx_hal_dma.o)
HAL_DMA_Init                                      lib/libstm32f407_hal.a(stm32f4xx_hal_dma.o)
HAL_DMA_PollForTransfer                           lib/libstm32f407_hal.a(stm32f4xx_hal_dma.o)
HAL_DMA_RegisterCallback                          lib/libstm32f407_hal.a(stm32f4xx_hal_dma.o)
HAL_DMA_Start                                     lib/libstm32f407_hal.a(stm32f4xx_hal_dma.o)
HAL_DMA_Start_IT                                  lib/libstm32f407_hal.a(stm32f4xx_hal_dma.o)
                                                  lib/libstm32f407_hal.a(stm32f4xx_hal_smartcard.o)
HAL_DMA_UnRegisterCallback                        lib/libstm32f407_hal.a(stm32f4xx_hal_dma.o)
HAL_DeInit                                        lib/libstm32f407_hal.a(stm32f4xx_hal.o)
HAL_Delay                                         lib/libstm32f407_hal.a(stm32f4xx_hal.o)
                                                  obj/reader_periph.o
                                                  obj/reader_hal.o
                                                  obj/main.o
HAL_DisableCompensationCell                       lib/libstm32f407_hal.a(stm32f4xx_hal.o)
HAL_EnableCompensationCell                        lib/libstm32f407_hal.a(stm32f4xx_hal.o)
HAL_GPIO_DeInit                                   lib/libstm32f407_hal.a(stm32f4xx_hal_gpio.o)
HAL_GPIO_EXTI_Callback                            lib/libstm32f407_hal.a(stm32f4xx_hal_gpio.o)
HAL_GPIO_EXTI_IRQHandler                          lib/libstm32f407_hal.a(stm32f4xx_hal_gpio.o)
HAL_GPIO_Init                                     lib/libstm32f407_hal.a(stm32f4xx_hal_gpio.o)
                                                  lib/libstm32f407_hal.a(stm32f4xx_hal_rcc.o)
                                                  obj/stm32f4xx_hal_msp.o
                                                  obj/reader_periph.o
                                                  obj/reader_hal.o
HAL_GPIO_LockPin                                  lib/libstm32f407_hal.a(stm32f4xx_hal_gpio.o)
HAL_GPIO_ReadPin                                  lib/libstm32f407_hal.a(stm32f4xx_hal_gpio.o)
HAL_GPIO_TogglePin                                lib/libstm32f407_hal.a(stm32f4xx_hal_gpio.o)
                                                  obj/reader_periph.o
                                                  obj/reader_hal.o
HAL_GPIO_WritePin                                 lib/libstm32f407_hal.a(stm32f4xx_hal_gpio.o)
                                                  obj/reader_hal.o
HAL_GetDEVID                                      lib/libstm32f407_hal.a(stm32f4xx_hal.o)
HAL_GetHalVersion                                 lib/libstm32f407_hal.a(stm32f4xx_hal.o)
HAL_GetREVID                                      lib/libstm32f407_hal.a(stm32f4xx_hal.o)
HAL_GetTick                                       lib/libstm32f407_hal.a(stm32f4xx_hal.o)
                                                  lib/libstm32f407_hal.a(stm32f4xx_hal_dma.o)
                                                  lib/libstm32f407_hal.a(stm32f4xx_hal_smartcard.o)
                                                  lib/libstm32f407_hal.a(stm32f4xx_hal_rcc.o)
HAL_GetUID                                        lib/libstm32f407_hal.a(stm32f4xx_hal.o)
HAL_IncTick                                       lib/libstm32f407_hal.a(stm32f4xx_hal.o)
                                                  obj/stm32f4xx_it.o
HAL_Init                                          lib/libstm32f407_hal.a(stm32f4xx_hal.o)
                                                  obj/reader_hal.o
HAL_InitTick                                      lib/libstm32f407_hal.a(stm32f4xx_hal.o)
                                                  lib/libstm32f407_hal.a(stm32f4xx_hal_rcc.o)
HAL_MPU_ConfigRegion                              lib/libstm32f407_hal.a(stm32f4xx_hal_cortex.o)
HAL_MPU_Disable                                   lib/libstm32f407_hal.a(stm32f4xx_hal_cortex.o)
HAL_MPU_Enable                                    lib/libstm32f407_hal.a(stm32f4xx_hal_cortex.o)
HAL_MspDeInit                                     obj/stm32f4xx_hal_msp.o
HAL_MspInit                                       obj/stm32f4xx_hal_msp.o
HAL_NVIC_ClearPendingIRQ                          lib/libstm32f407_hal.a(stm32f4xx_hal_cortex.o)
HAL_NVIC_DisableIRQ                               lib/libstm32f407_hal.a(stm32f4xx_hal_cortex.o)
HAL_NVIC_EnableIRQ                                lib/libstm32f407_hal.a(stm32f4xx_hal_cortex.o)
                                                  obj/stm32f4xx_hal_msp.o
HAL_NVIC_GetActive                                lib/libstm32f407_hal.a(stm32f4xx_hal_cortex.o)
HAL_NVIC_GetPendingIRQ                            lib/libstm32f407_hal.a(stm32f4xx_hal_cortex.o)
HAL_NVIC_GetPriority                              lib/libstm32f407_hal.a(stm32f4xx_hal_cortex.o)
HAL_NVIC_GetPriorityGrouping                      lib/libstm32f407_hal.a(stm32f4xx_hal_cortex.o)
HAL_NVIC_SetPendingIRQ                            lib/libstm32f407_hal.a(stm32f4xx_hal_cortex.o)
HAL_NVIC_SetPriority                              lib/libstm32f407_hal.a(stm32f4xx_hal_cortex.o)
                                                  lib/libstm32f407_hal.a(stm32f4xx_hal.o)
                                                  obj/stm32f4xx_hal_msp.o
HAL_NVIC_SetPriorityGrouping                      lib/libstm32f407_hal.a(stm32f4xx_hal_cortex.o)
                                                  lib/libstm32f407_hal.a(stm32f4xx_hal.o)
HAL_NVIC_SystemReset                              lib/libstm32f407_hal.a(stm32f4xx_hal_cortex.o)
HAL_PPP_MspDeInit                                 obj/stm32f4xx_hal_msp.o
HAL_PPP_MspInit                                   obj/stm32f4xx_hal_msp.o
HAL_RCC_CSSCallback                               lib/libstm32f407_hal.a(stm32f4xx_hal_rcc.o)
HAL_RCC_ClockConfig                               lib/libstm32f407_hal.a(stm32f4xx_hal_rcc.o)
                                                  obj/reader_hal.o
HAL_RCC_DeInit                                    lib/libstm32f407_hal.a(stm32f4xx_hal_rcc.o)
HAL_RCC_DisableCSS                                lib/libstm32f407_hal.a(stm32f4xx_hal_rcc.o)
HAL_RCC_EnableCSS                                 lib/libstm32f407_hal.a(stm32f4xx_hal_rcc.o)
HAL_RCC_GetClockConfig                            lib/libstm32f407_hal.a(stm32f4xx_hal_rcc.o)
HAL_RCC_GetHCLKFreq                               lib/libstm32f407_hal.a(stm32f4xx_hal_rcc.o)
HAL_RCC_GetOscConfig                              lib/libstm32f407_hal.a(stm32f4xx_hal_rcc.o)
HAL_RCC_GetPCLK1Freq                              lib/libstm32f407_hal.a(stm32f4xx_hal_rcc.o)
                                                  lib/libstm32f407_hal.a(stm32f4xx_hal_smartcard.o)
HAL_RCC_GetPCLK2Freq                              lib/libstm32f407_hal.a(stm32f4xx_hal_rcc.o)
                                                  lib/libstm32f407_hal.a(stm32f4xx_hal_smartcard.o)
HAL_RCC_GetSysClockFreq                           lib/libstm32f407_hal.a(stm32f4xx_hal_rcc.o)
HAL_RCC_MCOConfig                                 lib/libstm32f407_hal.a(stm32f4xx_hal_rcc.o)
HAL_RCC_NMI_IRQHandler                            lib/libstm32f407_hal.a(stm32f4xx_hal_rcc.o)
HAL_RCC_OscConfig                                 lib/libstm32f407_hal.a(stm32f4xx_hal_rcc.o)
                                                  obj/reader_hal.o
HAL_ResumeTick                                    lib/libstm32f407_hal.a(stm32f4xx_hal.o)
HAL_SMARTCARD_Abort                               lib/libstm32f407_hal.a(stm32f4xx_hal_smartcard.o)
HAL_SMARTCARD_AbortCpltCallback                   lib/libstm32f407_hal.a(stm32f4xx_hal_smartcard.o)
HAL_SMARTCARD_AbortReceive                        lib/libstm32f407_hal.a(stm32f4xx_hal_smartcard.o)
HAL_SMARTCARD_AbortReceiveCpltCallback            lib/libstm32f407_hal.a(stm32f4xx_hal_smartcard.o)
HAL_SMARTCARD_AbortReceive_IT                     lib/libstm32f407_hal.a(stm32f4xx_hal_smartcard.o)
HAL_SMARTCARD_AbortTransmit                       lib/libstm32f407_hal.a(stm32f4xx_hal_smartcard.o)
HAL_SMARTCARD_AbortTransmitCpltCallback           lib/libstm32f407_hal.a(stm32f4xx_hal_smartcard.o)
HAL_SMARTCARD_AbortTransmit_IT                    lib/libstm32f407_hal.a(stm32f4xx_hal_smartcard.o)
HAL_SMARTCARD_Abort_IT                            lib/libstm32f407_hal.a(stm32f4xx_hal_smartcard.o)
HAL_SMARTCARD_DeInit                              lib/libstm32f407_hal.a(stm32f4xx_hal_smartcard.o)
HAL_SMARTCARD_ErrorCallback                       lib/libstm32f407_hal.a(stm32f4xx_hal_smartcard.o)
HAL_SMARTCARD_GetError                            lib/libstm32f407_hal.a(stm32f4xx_hal_smartcard.o)
HAL_SMARTCARD_GetState                            lib/libstm32f407_hal.a(stm32f4xx_hal_smartcard.o)
HAL_SMARTCARD_IRQHandler                          lib/libstm32f407_hal.a(stm32f4xx_hal_smartcard.o)
                                                  obj/stm32f4xx_it.o
HAL_SMARTCARD_Init                                lib/libstm32f407_hal.a(stm32f4xx_hal_smartcard.o)
                                                  obj/reader_periph.o
                                                  obj/reader_hal.o
HAL_SMARTCARD_MspDeInit                           lib/libstm32f407_hal.a(stm32f4xx_hal_smartcard.o)
HAL_SMARTCARD_MspInit                             obj/stm32f4xx_hal_msp.o
HAL_SMARTCARD_Receive                             lib/libstm32f407_hal.a(stm32f4xx_hal_smartcard.o)
                                                  obj/reader_hal.o
HAL_SMARTCARD_Receive_DMA                         lib/libstm32f407_hal.a(stm32f4xx_hal_smartcard.o)
HAL_SMARTCARD_Receive_IT                          lib/libstm32f407_hal.a(stm32f4xx_hal_smartcard.o)
HAL_SMARTCARD_RxCpltCallback                      lib/libstm32f407_hal.a(stm32f4xx_hal_smartcard.o)
HAL_SMARTCARD_Transmit                            lib/libstm32f407_hal.a(stm32f4xx_hal_smartcard.o)
                                                  obj/reader_hal.o
HAL_SMARTCARD_Transmit_DMA                        lib/libstm32f407_hal.a(stm32f4xx_hal_smartcard.o)
HAL_SMARTCARD_Transmit_IT                         lib/libstm32f407_hal.a(stm32f4xx_hal_smartcard.o)
HAL_SMARTCARD_TxCpltCallback                      lib/libstm32f407_hal.a(stm32f4xx_hal_smartcard.o)
HAL_SYSTICK_CLKSourceConfig                       lib/libstm32f407_hal.a(stm32f4xx_hal_cortex.o)
HAL_SYSTICK_Callback                              lib/libstm32f407_hal.a(stm32f4xx_hal_cortex.o)
HAL_SYSTICK_Config                                lib/libstm32f407_hal.a(stm32f4xx_hal_cortex.o)
                                                  lib/libstm32f407_hal.a(stm32f4xx_hal.o)
HAL_SYSTICK_IRQHandler                            lib/libstm32f407_hal.a(stm32f4xx_hal_cortex.o)
HAL_SuspendTick                                   lib/libstm32f407_hal.a(stm32f4xx_hal.o)
HAL_UART_MspInit                                  obj/stm32f4xx_hal_msp.o
HASH_RNG_IRQHandler                               obj/startup_stm32f407xx.o
HardFault_Handler                                 obj/stm32f4xx_it.o
                                                  obj/startup_stm32f407xx.o
I2C1_ER_IRQHandler                                obj/startup_stm32f407xx.o
I2C1_EV_IRQHandler                                obj/startup_stm32f407xx.o
I2C2_ER_IRQHandler                                obj/startup_stm32f407xx.o
I2C2_EV_IRQHandler                                obj/startup_stm32f407xx.o
I2C3_ER_IRQHandler                                obj/startup_stm32f407xx.o
I2C3_EV_IRQHandler                                obj/startup_stm32f407xx.o
MemManage_Handler                                 obj/stm32f4xx_it.o
                                                  obj/startup_stm32f407xx.o
NMI_Handler                                       obj/stm32f4xx_it.o
                                                  obj/startup_stm32f407xx.o
OTG_FS_IRQHandler                                 obj/startup_stm32f407xx.o
OTG_FS_WKUP_IRQHandler                            obj/startup_stm32f407xx.o
OTG_HS_EP1_IN_IRQHandler                          obj/startup_stm32f407xx.o
OTG_HS_EP1_OUT_IRQHandler                         obj/startup_stm32f407xx.o
OTG_HS_IRQHandler                                 obj/startup_stm32f407xx.o
OTG_HS_WKUP_IRQHandler                            obj/startup_stm32f407xx.o
PVD_IRQHandler                                    obj/startup_stm32f407xx.o
PendSV_Handler                                    obj/stm32f4xx_it.o
                                                  obj/startup_stm32f407xx.o
RCC_IRQHandler                                    obj/startup_stm32f407xx.o
READER_HAL_ErrHandler                             obj/reader_hal.o
                                                  obj/main.o
READER_HAL_Init                                   obj/reader_hal.o
                                                  obj/main.o
READER_HAL_RcvCharFrame                           obj/reader_hal.o
                                                  obj/main.o
READER_HAL_SendCharFrame                          obj/reader_hal.o
                                                  obj/main.o
READER_HAL_SetClkLine                             obj/reader_hal.o
                                                  obj/main.o
READER_HAL_SetEtu                                 obj/reader_hal.o
READER_HAL_SetFreq                                obj/reader_hal.o
READER_HAL_SetIOLine                              obj/reader_hal.o
READER_HAL_SetPwrLine                             obj/reader_hal.o
                                                  obj/main.o
READER_HAL_SetRstLine                             obj/reader_hal.o
                                                  obj/main.o
READER_PERIPH_ErrHandler                          obj/reader_periph.o
READER_PERIPH_Init                                obj/reader_periph.o
                                                  obj/reader_hal.o
READER_PERIPH_InitClkLine                         obj/reader_periph.o
READER_PERIPH_InitIOLine                          obj/reader_periph.o
READER_PERIPH_InitPwrLine                         obj/reader_periph.o
READER_PERIPH_InitRstLine                         obj/reader_periph.o
READER_UTILS_ComputeBaudRate                      obj/reader_utils.o
                                                  obj/reader_periph.o
READER_UTILS_ComputeNewBaudRate                   obj/reader_utils.o
                                                  obj/reader_hal.o
READER_UTILS_ComputePrescFromFreq                 obj/reader_utils.o
                                                  obj/reader_hal.o
READER_UTILS_GetCardFreq                          obj/reader_utils.o
                                                  obj/reader_hal.o
RTC_Alarm_IRQHandler                              obj/startup_stm32f407xx.o
RTC_WKUP_IRQHandler                               obj/startup_stm32f407xx.o
Reset_Handler                                     obj/startup_stm32f407xx.o
SDIO_IRQHandler                                   obj/startup_stm32f407xx.o
SPI1_IRQHandler                                   obj/startup_stm32f407xx.o
SPI2_IRQHandler                                   obj/startup_stm32f407xx.o
SPI3_IRQHandler                                   obj/startup_stm32f407xx.o
SVC_Handler                                       obj/stm32f4xx_it.o
                                                  obj/startup_stm32f407xx.o
SysTick_Handler                                   obj/stm32f4xx_it.o
                                                  obj/startup_stm32f407xx.o
SystemCoreClock                                   obj/system_stm32f4xx.o
                                                  lib/libstm32f407_hal.a(stm32f4xx_hal_dma.o)
                                                  lib/libstm32f407_hal.a(stm32f4xx_hal_rcc.o)
                                                  lib/libstm32f407_hal.a(stm32f4xx_hal.o)
SystemCoreClockUpdate                             obj/system_stm32f4xx.o
SystemInit                                        obj/system_stm32f4xx.o
                                                  obj/startup_stm32f407xx.o
TAMP_STAMP_IRQHandler                             obj/startup_stm32f407xx.o
TIM1_BRK_TIM9_IRQHandler                          obj/startup_stm32f407xx.o
TIM1_CC_IRQHandler                                obj/startup_stm32f407xx.o
TIM1_TRG_COM_TIM11_IRQHandler                     obj/startup_stm32f407xx.o
TIM1_UP_TIM10_IRQHandler                          obj/startup_stm32f407xx.o
TIM2_IRQHandler                                   obj/startup_stm32f407xx.o
TIM3_IRQHandler                                   obj/startup_stm32f407xx.o
TIM4_IRQHandler                                   obj/startup_stm32f407xx.o
TIM5_IRQHandler                                   obj/startup_stm32f407xx.o
TIM6_DAC_IRQHandler                               obj/startup_stm32f407xx.o
TIM7_IRQHandler                                   obj/startup_stm32f407xx.o
TIM8_BRK_TIM12_IRQHandler                         obj/startup_stm32f407xx.o
TIM8_CC_IRQHandler                                obj/startup_stm32f407xx.o
TIM8_TRG_COM_TIM14_IRQHandler                     obj/startup_stm32f407xx.o
TIM8_UP_TIM13_IRQHandler                          obj/startup_stm32f407xx.o
UART4_IRQHandler                                  obj/startup_stm32f407xx.o
UART5_IRQHandler                                  obj/startup_stm32f407xx.o
USART1_IRQHandler                                 obj/stm32f4xx_it.o
                                                  obj/startup_stm32f407xx.o
USART2_IRQHandler                                 obj/stm32f4xx_it.o
                                                  obj/startup_stm32f407xx.o
USART3_IRQHandler                                 obj/startup_stm32f407xx.o
USART6_IRQHandler                                 obj/startup_stm32f407xx.o
UsageFault_Handler                                obj/stm32f4xx_it.o
                                                  obj/startup_stm32f407xx.o
WWDG_IRQHandler                                   obj/startup_stm32f407xx.o
_ITM_deregisterTMCloneTable                       /usr/lib/gcc/arm-none-eabi/6.3.1/thumb/v7e-m/crtbegin.o
_ITM_registerTMCloneTable                         /usr/lib/gcc/arm-none-eabi/6.3.1/thumb/v7e-m/crtbegin.o
_Jv_RegisterClasses                               /usr/lib/gcc/arm-none-eabi/6.3.1/thumb/v7e-m/crtbegin.o
__TMC_END__                                       /usr/lib/gcc/arm-none-eabi/6.3.1/thumb/v7e-m/crtend.o
                                                  /usr/lib/gcc/arm-none-eabi/6.3.1/thumb/v7e-m/crtbegin.o
__aeabi_idiv0                                     /usr/lib/gcc/arm-none-eabi/6.3.1/thumb/v7e-m/libgcc.a(_dvmd_tls.o)
__aeabi_ldiv0                                     /usr/lib/gcc/arm-none-eabi/6.3.1/thumb/v7e-m/libgcc.a(_dvmd_tls.o)
                                                  /usr/lib/gcc/arm-none-eabi/6.3.1/thumb/v7e-m/libgcc.a(_aeabi_uldivmod.o)
__aeabi_uldivmod                                  /usr/lib/gcc/arm-none-eabi/6.3.1/thumb/v7e-m/libgcc.a(_aeabi_uldivmod.o)
                                                  lib/libstm32f407_hal.a(stm32f4xx_hal_rcc.o)
__bss_end__                                       /usr/lib/gcc/arm-none-eabi/6.3.1/../../../arm-none-eabi/lib/thumb/v7e-m/crt0.o
__bss_start__                                     /usr/lib/gcc/arm-none-eabi/6.3.1/../../../arm-none-eabi/lib/thumb/v7e-m/crt0.o
__call_exitprocs                                  /usr/lib/gcc/arm-none-eabi/6.3.1/../../../arm-none-eabi/lib/thumb/v7e-m/libc.a(lib_a-__call_atexit.o)
                                                  /usr/lib/gcc/arm-none-eabi/6.3.1/../../../arm-none-eabi/lib/thumb/v7e-m/libc.a(lib_a-exit.o)
__deregister_frame_info                           /usr/lib/gcc/arm-none-eabi/6.3.1/thumb/v7e-m/crtbegin.o
__dso_handle                                      /usr/lib/gcc/arm-none-eabi/6.3.1/thumb/v7e-m/crtbegin.o
__fini_array_end                                  /usr/lib/gcc/arm-none-eabi/6.3.1/../../../arm-none-eabi/lib/thumb/v7e-m/libc.a(lib_a-fini.o)
__fini_array_start                                /usr/lib/gcc/arm-none-eabi/6.3.1/../../../arm-none-eabi/lib/thumb/v7e-m/libc.a(lib_a-fini.o)
__init_array_end                                  /usr/lib/gcc/arm-none-eabi/6.3.1/../../../arm-none-eabi/lib/thumb/v7e-m/libc.a(lib_a-init.o)
__init_array_start                                /usr/lib/gcc/arm-none-eabi/6.3.1/../../../arm-none-eabi/lib/thumb/v7e-m/libc.a(lib_a-init.o)
__libc_fini                                       /usr/lib/gcc/arm-none-eabi/6.3.1/../../../arm-none-eabi/lib/thumb/v7e-m/libc.a(lib_a-__call_atexit.o)
__libc_fini_array                                 /usr/lib/gcc/arm-none-eabi/6.3.1/../../../arm-none-eabi/lib/thumb/v7e-m/libc.a(lib_a-fini.o)
                                                  /usr/lib/gcc/arm-none-eabi/6.3.1/../../../arm-none-eabi/lib/thumb/v7e-m/libc.a(lib_a-__call_atexit.o)
                                                  /usr/lib/gcc/arm-none-eabi/6.3.1/../../../arm-none-eabi/lib/thumb/v7e-m/crt0.o
__libc_init_array                                 /usr/lib/gcc/arm-none-eabi/6.3.1/../../../arm-none-eabi/lib/thumb/v7e-m/libc.a(lib_a-init.o)
                                                  obj/startup_stm32f407xx.o
                                                  /usr/lib/gcc/arm-none-eabi/6.3.1/../../../arm-none-eabi/lib/thumb/v7e-m/crt0.o
__preinit_array_end                               /usr/lib/gcc/arm-none-eabi/6.3.1/../../../arm-none-eabi/lib/thumb/v7e-m/libc.a(lib_a-init.o)
__preinit_array_start                             /usr/lib/gcc/arm-none-eabi/6.3.1/../../../arm-none-eabi/lib/thumb/v7e-m/libc.a(lib_a-init.o)
__register_exitproc                               /usr/lib/gcc/arm-none-eabi/6.3.1/../../../arm-none-eabi/lib/thumb/v7e-m/libc.a(lib_a-__atexit.o)
                                                  /usr/lib/gcc/arm-none-eabi/6.3.1/../../../arm-none-eabi/lib/thumb/v7e-m/libc.a(lib_a-atexit.o)
__register_frame_info                             /usr/lib/gcc/arm-none-eabi/6.3.1/thumb/v7e-m/crtbegin.o
__stack                                           /usr/lib/gcc/arm-none-eabi/6.3.1/../../../arm-none-eabi/lib/thumb/v7e-m/crt0.o
__udivmoddi4                                      /usr/lib/gcc/arm-none-eabi/6.3.1/thumb/v7e-m/libgcc.a(_udivmoddi4.o)
                                                  /usr/lib/gcc/arm-none-eabi/6.3.1/thumb/v7e-m/libgcc.a(_aeabi_uldivmod.o)
_ebss                                             obj/startup_stm32f407xx.o
_edata                                            obj/startup_stm32f407xx.o
_estack                                           obj/startup_stm32f407xx.o
_exit                                             /usr/lib/gcc/arm-none-eabi/6.3.1/../../../arm-none-eabi/lib/thumb/v7e-m/libc.a(lib_a-exit.o)
_fini                                             /usr/lib/gcc/arm-none-eabi/6.3.1/thumb/v7e-m/crti.o
                                                  /usr/lib/gcc/arm-none-eabi/6.3.1/../../../arm-none-eabi/lib/thumb/v7e-m/libc.a(lib_a-fini.o)
_global_impure_ptr                                /usr/lib/gcc/arm-none-eabi/6.3.1/../../../arm-none-eabi/lib/thumb/v7e-m/libc.a(lib_a-impure.o)
                                                  /usr/lib/gcc/arm-none-eabi/6.3.1/../../../arm-none-eabi/lib/thumb/v7e-m/libc.a(lib_a-__call_atexit.o)
                                                  /usr/lib/gcc/arm-none-eabi/6.3.1/../../../arm-none-eabi/lib/thumb/v7e-m/libc.a(lib_a-__atexit.o)
                                                  /usr/lib/gcc/arm-none-eabi/6.3.1/../../../arm-none-eabi/lib/thumb/v7e-m/libc.a(lib_a-exit.o)
_impure_ptr                                       /usr/lib/gcc/arm-none-eabi/6.3.1/../../../arm-none-eabi/lib/thumb/v7e-m/libc.a(lib_a-impure.o)
_init                                             /usr/lib/gcc/arm-none-eabi/6.3.1/thumb/v7e-m/crti.o
                                                  /usr/lib/gcc/arm-none-eabi/6.3.1/../../../arm-none-eabi/lib/thumb/v7e-m/libc.a(lib_a-init.o)
_mainCRTStartup                                   /usr/lib/gcc/arm-none-eabi/6.3.1/../../../arm-none-eabi/lib/thumb/v7e-m/crt0.o
_sbss                                             obj/startup_stm32f407xx.o
_sdata                                            obj/startup_stm32f407xx.o
_sidata                                           obj/startup_stm32f407xx.o
_start                                            /usr/lib/gcc/arm-none-eabi/6.3.1/../../../arm-none-eabi/lib/thumb/v7e-m/crt0.o
atexit                                            /usr/lib/gcc/arm-none-eabi/6.3.1/../../../arm-none-eabi/lib/thumb/v7e-m/libc.a(lib_a-atexit.o)
                                                  /usr/lib/gcc/arm-none-eabi/6.3.1/../../../arm-none-eabi/lib/thumb/v7e-m/libc.a(lib_a-__call_atexit.o)
                                                  /usr/lib/gcc/arm-none-eabi/6.3.1/../../../arm-none-eabi/lib/thumb/v7e-m/crt0.o
exit                                              /usr/lib/gcc/arm-none-eabi/6.3.1/../../../arm-none-eabi/lib/thumb/v7e-m/libc.a(lib_a-exit.o)
                                                  /usr/lib/gcc/arm-none-eabi/6.3.1/../../../arm-none-eabi/lib/thumb/v7e-m/crt0.o
free                                              /usr/lib/gcc/arm-none-eabi/6.3.1/../../../arm-none-eabi/lib/thumb/v7e-m/libc.a(lib_a-__call_atexit.o)
g_pfnVectors                                      obj/startup_stm32f407xx.o
hardware_init_hook                                /usr/lib/gcc/arm-none-eabi/6.3.1/../../../arm-none-eabi/lib/thumb/v7e-m/crt0.o
main                                              obj/main.o
                                                  obj/startup_stm32f407xx.o
                                                  /usr/lib/gcc/arm-none-eabi/6.3.1/../../../arm-none-eabi/lib/thumb/v7e-m/crt0.o
malloc                                            /usr/lib/gcc/arm-none-eabi/6.3.1/../../../arm-none-eabi/lib/thumb/v7e-m/libc.a(lib_a-__atexit.o)
memset                                            /usr/lib/gcc/arm-none-eabi/6.3.1/../../../arm-none-eabi/lib/thumb/v7e-m/libc.a(lib_a-memset.o)
                                                  /usr/lib/gcc/arm-none-eabi/6.3.1/../../../arm-none-eabi/lib/thumb/v7e-m/crt0.o
pSmartCardTxBuff                                  obj/main.o
pSmartcardRxBuff                                  obj/main.o
smartcardHandleStruct                             obj/reader_hal.o
                                                  obj/stm32f4xx_it.o
                                                  obj/reader_periph.o
software_init_hook                                /usr/lib/gcc/arm-none-eabi/6.3.1/../../../arm-none-eabi/lib/thumb/v7e-m/crt0.o
uwTick                                            lib/libstm32f407_hal.a(stm32f4xx_hal.o)
