Archive member included to satisfy reference by file (symbol)

lib/libstm32f407_hal.a(stm32f4xx_hal.o)
                              obj/main.o (HAL_Init)
lib/libstm32f407_hal.a(stm32f4xx_hal_gpio.o)
                              obj/card_interfaces.o (HAL_GPIO_Init)
lib/libstm32f407_hal.a(stm32f4xx_hal_rcc.o)
                              obj/main.o (HAL_RCC_OscConfig)
lib/libstm32f407_hal.a(stm32f4xx_hal_cortex.o)
                              lib/libstm32f407_hal.a(stm32f4xx_hal.o) (HAL_NVIC_SetPriorityGrouping)
lib/libstm32f407_hal.a(stm32f4xx_hal_uart.o)
                              obj/main.o (HAL_UART_Init)
lib/libstm32f407_hal.a(stm32f4xx_hal_smartcard.o)
                              obj/card_interfaces.o (HAL_SMARTCARD_Init)
lib/libstm32f407_hal.a(stm32f4xx_hal_dma.o)
                              lib/libstm32f407_hal.a(stm32f4xx_hal_uart.o) (HAL_DMA_Start_IT)
/usr/lib/gcc/arm-none-eabi/6.3.1/thumb/v7e-m/libgcc.a(_aeabi_uldivmod.o)
                              lib/libstm32f407_hal.a(stm32f4xx_hal_rcc.o) (__aeabi_uldivmod)
/usr/lib/gcc/arm-none-eabi/6.3.1/thumb/v7e-m/libgcc.a(_udivmoddi4.o)
                              /usr/lib/gcc/arm-none-eabi/6.3.1/thumb/v7e-m/libgcc.a(_aeabi_uldivmod.o) (__udivmoddi4)
/usr/lib/gcc/arm-none-eabi/6.3.1/thumb/v7e-m/libgcc.a(_dvmd_tls.o)
                              /usr/lib/gcc/arm-none-eabi/6.3.1/thumb/v7e-m/libgcc.a(_aeabi_uldivmod.o) (__aeabi_ldiv0)
/usr/lib/gcc/arm-none-eabi/6.3.1/../../../arm-none-eabi/lib/thumb/v7e-m/libc.a(lib_a-atexit.o)
                              /usr/lib/gcc/arm-none-eabi/6.3.1/../../../arm-none-eabi/lib/thumb/v7e-m/crt0.o (atexit)
/usr/lib/gcc/arm-none-eabi/6.3.1/../../../arm-none-eabi/lib/thumb/v7e-m/libc.a(lib_a-exit.o)
                              /usr/lib/gcc/arm-none-eabi/6.3.1/../../../arm-none-eabi/lib/thumb/v7e-m/crt0.o (exit)
/usr/lib/gcc/arm-none-eabi/6.3.1/../../../arm-none-eabi/lib/thumb/v7e-m/libc.a(lib_a-fini.o)
                              /usr/lib/gcc/arm-none-eabi/6.3.1/../../../arm-none-eabi/lib/thumb/v7e-m/crt0.o (__libc_fini_array)
/usr/lib/gcc/arm-none-eabi/6.3.1/../../../arm-none-eabi/lib/thumb/v7e-m/libc.a(lib_a-impure.o)
                              /usr/lib/gcc/arm-none-eabi/6.3.1/../../../arm-none-eabi/lib/thumb/v7e-m/libc.a(lib_a-exit.o) (_global_impure_ptr)
/usr/lib/gcc/arm-none-eabi/6.3.1/../../../arm-none-eabi/lib/thumb/v7e-m/libc.a(lib_a-init.o)
                              /usr/lib/gcc/arm-none-eabi/6.3.1/../../../arm-none-eabi/lib/thumb/v7e-m/crt0.o (__libc_init_array)
/usr/lib/gcc/arm-none-eabi/6.3.1/../../../arm-none-eabi/lib/thumb/v7e-m/libc.a(lib_a-memset.o)
                              /usr/lib/gcc/arm-none-eabi/6.3.1/../../../arm-none-eabi/lib/thumb/v7e-m/crt0.o (memset)
/usr/lib/gcc/arm-none-eabi/6.3.1/../../../arm-none-eabi/lib/thumb/v7e-m/libc.a(lib_a-__atexit.o)
                              /usr/lib/gcc/arm-none-eabi/6.3.1/../../../arm-none-eabi/lib/thumb/v7e-m/libc.a(lib_a-atexit.o) (__register_exitproc)
/usr/lib/gcc/arm-none-eabi/6.3.1/../../../arm-none-eabi/lib/thumb/v7e-m/libc.a(lib_a-__call_atexit.o)
                              /usr/lib/gcc/arm-none-eabi/6.3.1/../../../arm-none-eabi/lib/thumb/v7e-m/libc.a(lib_a-exit.o) (__call_exitprocs)

Allocating common symbols
Common symbol       size              file

smartcardHandleStruct
                    0x50              obj/main.o
pSmartcardRxBuff    0x64              obj/main.o
uwTick              0x4               lib/libstm32f407_hal.a(stm32f4xx_hal.o)
test                0x28              obj/card_interfaces.o
RCC_OscInitStruct   0x30              obj/main.o
pSmartCardTxBuff    0x64              obj/main.o
uartHandleStruct    0x40              obj/main.o
atrBuffer           0x21              obj/main.o
RCC_ClkInitStruct   0x14              obj/main.o
pUartRxBuff         0x64              obj/main.o
pUartTxBuff         0x64              obj/main.o

Discarded input sections

 .text          0x0000000000000000        0x0 /usr/lib/gcc/arm-none-eabi/6.3.1/thumb/v7e-m/crti.o
 .data          0x0000000000000000        0x0 /usr/lib/gcc/arm-none-eabi/6.3.1/thumb/v7e-m/crti.o
 .bss           0x0000000000000000        0x0 /usr/lib/gcc/arm-none-eabi/6.3.1/thumb/v7e-m/crti.o
 .data          0x0000000000000000        0x4 /usr/lib/gcc/arm-none-eabi/6.3.1/thumb/v7e-m/crtbegin.o
 .text          0x0000000000000000       0x68 /usr/lib/gcc/arm-none-eabi/6.3.1/../../../arm-none-eabi/lib/thumb/v7e-m/crt0.o
 .data          0x0000000000000000        0x0 /usr/lib/gcc/arm-none-eabi/6.3.1/../../../arm-none-eabi/lib/thumb/v7e-m/crt0.o
 .bss           0x0000000000000000        0x0 /usr/lib/gcc/arm-none-eabi/6.3.1/../../../arm-none-eabi/lib/thumb/v7e-m/crt0.o
 .ARM.extab     0x0000000000000000        0x0 /usr/lib/gcc/arm-none-eabi/6.3.1/../../../arm-none-eabi/lib/thumb/v7e-m/crt0.o
 .ARM.exidx     0x0000000000000000        0x8 /usr/lib/gcc/arm-none-eabi/6.3.1/../../../arm-none-eabi/lib/thumb/v7e-m/crt0.o
[...]
Memory Configuration

Name             Origin             Length             Attributes
FLASH            0x0000000008000000 0x0000000000100000 xr
RAM              0x0000000020000000 0x0000000000020000 xrw
CCMRAM           0x0000000010000000 0x0000000000010000 rw
*default*        0x0000000000000000 0xffffffffffffffff

Linker script and memory map

LOAD /usr/lib/gcc/arm-none-eabi/6.3.1/thumb/v7e-m/crti.o
LOAD /usr/lib/gcc/arm-none-eabi/6.3.1/thumb/v7e-m/crtbegin.o
LOAD /usr/lib/gcc/arm-none-eabi/6.3.1/../../../arm-none-eabi/lib/thumb/v7e-m/crt0.o
LOAD obj/card_interfaces.o
LOAD obj/main.o
LOAD obj/startup_stm32f407xx.o
LOAD obj/stm32f4xx_hal_msp.o
LOAD obj/stm32f4xx_it.o
LOAD obj/system_stm32f4xx.o
LOAD lib/libstm32f407_hal.a
START GROUP
LOAD /usr/lib/gcc/arm-none-eabi/6.3.1/thumb/v7e-m/libgcc.a
LOAD /usr/lib/gcc/arm-none-eabi/6.3.1/../../../arm-none-eabi/lib/thumb/v7e-m/libc.a
END GROUP
LOAD /usr/lib/gcc/arm-none-eabi/6.3.1/thumb/v7e-m/crtend.o
LOAD /usr/lib/gcc/arm-none-eabi/6.3.1/thumb/v7e-m/crtn.o
                0x0000000020020000                _estack = 0x20020000
                0x0000000000000200                _Min_Heap_Size = 0x200
                0x0000000000000400                _Min_Stack_Size = 0x400

.isr_vector     0x0000000008000000      0x188
                0x0000000008000000                . = ALIGN (0x4)
 *(.isr_vector)
 .isr_vector    0x0000000008000000      0x188 obj/startup_stm32f407xx.o
                0x0000000008000000                g_pfnVectors
                0x0000000008000188                . = ALIGN (0x4)

.text           0x0000000008000188     0x1c18
                0x0000000008000188                . = ALIGN (0x4)
 *(.text)
 .text          0x0000000008000188       0xa4 /usr/lib/gcc/arm-none-eabi/6.3.1/thumb/v7e-m/crtbegin.o
 .text          0x000000000800022c       0x30 /usr/lib/gcc/arm-none-eabi/6.3.1/thumb/v7e-m/libgcc.a(_aeabi_uldivmod.o)
                0x000000000800022c                __aeabi_uldivmod
 .text          0x000000000800025c      0x2dc /usr/lib/gcc/arm-none-eabi/6.3.1/thumb/v7e-m/libgcc.a(_udivmoddi4.o)
                0x000000000800025c                __udivmoddi4
 .text          0x0000000008000538        0x4 /usr/lib/gcc/arm-none-eabi/6.3.1/thumb/v7e-m/libgcc.a(_dvmd_tls.o)
                0x0000000008000538                __aeabi_ldiv0
                0x0000000008000538                __aeabi_idiv0
 .text          0x000000000800053c        0xc /usr/lib/gcc/arm-none-eabi/6.3.1/../../../arm-none-eabi/lib/thumb/v7e-m/libc.a(lib_a-atexit.o)
                0x000000000800053c                atexit
 .text          0x0000000008000548       0x34 /usr/lib/gcc/arm-none-eabi/6.3.1/../../../arm-none-eabi/lib/thumb/v7e-m/libc.a(lib_a-fini.o)
                0x0000000008000548                __libc_fini_array
 .text          0x000000000800057c       0x50 /usr/lib/gcc/arm-none-eabi/6.3.1/../../../arm-none-eabi/lib/thumb/v7e-m/libc.a(lib_a-init.o)
                0x000000000800057c                __libc_init_array
 .text          0x00000000080005cc       0xa4 /usr/lib/gcc/arm-none-eabi/6.3.1/../../../arm-none-eabi/lib/thumb/v7e-m/libc.a(lib_a-__atexit.o)
                0x00000000080005cc                __register_exitproc
 *(.text*)
 .text.CARD_InitIOLine
                0x0000000008000670       0x40 obj/card_interfaces.o
                0x0000000008000670                CARD_InitIOLine
 .text.CARD_InitClkLine
                0x00000000080006b0       0x40 obj/card_interfaces.o
                0x00000000080006b0                CARD_InitClkLine
 .text.CARD_InitRstLine
                0x00000000080006f0       0x3c obj/card_interfaces.o
                0x00000000080006f0                CARD_InitRstLine
 .text.CARD_InitPwrLine
                0x000000000800072c       0x3c obj/card_interfaces.o
                0x000000000800072c                CARD_InitPwrLine
 .text.CARD_SetPwrLine
                0x0000000008000768       0x18 obj/card_interfaces.o
                0x0000000008000768                CARD_SetPwrLine
 .text.CARD_SetRstLine
                0x0000000008000780       0x18 obj/card_interfaces.o
                0x0000000008000780                CARD_SetRstLine
 .text.CARD_InitSmartcardHandle
                0x0000000008000798       0x38 obj/card_interfaces.o
                0x0000000008000798                CARD_InitSmartcardHandle
 .text.HAL_SMARTCARD_RxCpltCallback
                0x00000000080007d0       0x28 obj/card_interfaces.o
                0x00000000080007d0                HAL_SMARTCARD_RxCpltCallback
 .text.init_uart_handle
                0x00000000080007f8       0x34 obj/main.o
                0x00000000080007f8                init_uart_handle
 .text.startup.main
                0x000000000800082c       0xe8 obj/main.o
                0x000000000800082c                main
 .text.init_horloge
                0x0000000008000914       0x68 obj/main.o
                0x0000000008000914                init_horloge
 .text.Reset_Handler
                0x000000000800097c       0x50 obj/startup_stm32f407xx.o
                0x000000000800097c                Reset_Handler
 .text.Default_Handler
                0x00000000080009cc        0x2 obj/startup_stm32f407xx.o
                0x00000000080009cc                RTC_Alarm_IRQHandler
                0x00000000080009cc                HASH_RNG_IRQHandler
                0x00000000080009cc                EXTI2_IRQHandler
                0x00000000080009cc                TIM8_CC_IRQHandler
                0x00000000080009cc                TIM1_CC_IRQHandler
                0x00000000080009cc                DMA2_Stream5_IRQHandler
                0x00000000080009cc                DMA1_Stream5_IRQHandler
                0x00000000080009cc                PVD_IRQHandler
                0x00000000080009cc                SDIO_IRQHandler
                0x00000000080009cc                TAMP_STAMP_IRQHandler
                0x00000000080009cc                CAN2_RX1_IRQHandler
                0x00000000080009cc                EXTI3_IRQHandler
                0x00000000080009cc                TIM8_TRG_COM_TIM14_IRQHandler
                0x00000000080009cc                TIM1_UP_TIM10_IRQHandler
                0x00000000080009cc                TIM8_UP_TIM13_IRQHandler
                0x00000000080009cc                I2C3_ER_IRQHandler
                0x00000000080009cc                I2C2_EV_IRQHandler
                0x00000000080009cc                DMA1_Stream2_IRQHandler
                0x00000000080009cc                CAN1_RX0_IRQHandler
                0x00000000080009cc                FPU_IRQHandler
                0x00000000080009cc                OTG_HS_WKUP_IRQHandler
                0x00000000080009cc                CAN2_SCE_IRQHandler
                0x00000000080009cc                DMA2_Stream2_IRQHandler
                0x00000000080009cc                SPI1_IRQHandler
                0x00000000080009cc                TIM6_DAC_IRQHandler
                0x00000000080009cc                TIM1_BRK_TIM9_IRQHandler
                0x00000000080009cc                DCMI_IRQHandler
                0x00000000080009cc                CAN2_RX0_IRQHandler
                0x00000000080009cc                DMA2_Stream3_IRQHandler
                0x00000000080009cc                USART6_IRQHandler
                0x00000000080009cc                USART3_IRQHandler
                0x00000000080009cc                CAN1_RX1_IRQHandler
                0x00000000080009cc                UART5_IRQHandler
                0x00000000080009cc                DMA2_Stream0_IRQHandler
                0x00000000080009cc                TIM4_IRQHandler
                0x00000000080009cc                I2C1_EV_IRQHandler
                0x00000000080009cc                DMA1_Stream6_IRQHandler
                0x00000000080009cc                DMA1_Stream1_IRQHandler
                0x00000000080009cc                UART4_IRQHandler
                0x00000000080009cc                TIM3_IRQHandler
                0x00000000080009cc                RCC_IRQHandler
                0x00000000080009cc                TIM8_BRK_TIM12_IRQHandler
                0x00000000080009cc                Default_Handler
                0x00000000080009cc                EXTI15_10_IRQHandler
                0x00000000080009cc                ADC_IRQHandler
                0x00000000080009cc                DMA1_Stream7_IRQHandler
                0x00000000080009cc                TIM7_IRQHandler
                0x00000000080009cc                CAN2_TX_IRQHandler
                0x00000000080009cc                TIM5_IRQHandler
                0x00000000080009cc                DMA2_Stream7_IRQHandler
                0x00000000080009cc                I2C3_EV_IRQHandler
                0x00000000080009cc                EXTI9_5_IRQHandler
                0x00000000080009cc                RTC_WKUP_IRQHandler
                0x00000000080009cc                ETH_WKUP_IRQHandler
                0x00000000080009cc                SPI2_IRQHandler
                0x00000000080009cc                OTG_HS_EP1_IN_IRQHandler
                0x00000000080009cc                DMA1_Stream0_IRQHandler
                0x00000000080009cc                CAN1_TX_IRQHandler
                0x00000000080009cc                EXTI4_IRQHandler
                0x00000000080009cc                FSMC_IRQHandler
                0x00000000080009cc                ETH_IRQHandler
                0x00000000080009cc                OTG_HS_EP1_OUT_IRQHandler
                0x00000000080009cc                WWDG_IRQHandler
                0x00000000080009cc                TIM2_IRQHandler
                0x00000000080009cc                OTG_FS_WKUP_IRQHandler
                0x00000000080009cc                TIM1_TRG_COM_TIM11_IRQHandler
                0x00000000080009cc                OTG_HS_IRQHandler
                0x00000000080009cc                EXTI1_IRQHandler
                0x00000000080009cc                I2C2_ER_IRQHandler
                0x00000000080009cc                DMA2_Stream1_IRQHandler
                0x00000000080009cc                CAN1_SCE_IRQHandler
                0x00000000080009cc                FLASH_IRQHandler
                0x00000000080009cc                DMA2_Stream4_IRQHandler
                0x00000000080009cc                OTG_FS_IRQHandler
                0x00000000080009cc                SPI3_IRQHandler
                0x00000000080009cc                DMA1_Stream4_IRQHandler
                0x00000000080009cc                I2C1_ER_IRQHandler
                0x00000000080009cc                DMA2_Stream6_IRQHandler
                0x00000000080009cc                DMA1_Stream3_IRQHandler
 *fill*         0x00000000080009ce        0x2 
 .text.HAL_MspInit
                0x00000000080009d0       0xb4 obj/stm32f4xx_hal_msp.o
                0x00000000080009d0                HAL_MspInit
 .text.HAL_UART_MspInit
                0x0000000008000a84       0x7c obj/stm32f4xx_hal_msp.o
                0x0000000008000a84                HAL_UART_MspInit
 .text.HAL_SMARTCARD_MspInit
                0x0000000008000b00       0x34 obj/stm32f4xx_hal_msp.o
                0x0000000008000b00                HAL_SMARTCARD_MspInit
 .text.NMI_Handler
                0x0000000008000b34        0x2 obj/stm32f4xx_it.o
                0x0000000008000b34                NMI_Handler
 .text.HardFault_Handler
                0x0000000008000b36        0x2 obj/stm32f4xx_it.o
                0x0000000008000b36                HardFault_Handler
 .text.MemManage_Handler
                0x0000000008000b38        0x2 obj/stm32f4xx_it.o
                0x0000000008000b38                MemManage_Handler
 .text.BusFault_Handler
                0x0000000008000b3a        0x2 obj/stm32f4xx_it.o
                0x0000000008000b3a                BusFault_Handler
 .text.UsageFault_Handler
                0x0000000008000b3c        0x2 obj/stm32f4xx_it.o
                0x0000000008000b3c                UsageFault_Handler
 .text.SVC_Handler
                0x0000000008000b3e        0x2 obj/stm32f4xx_it.o
                0x0000000008000b3e                SVC_Handler
 .text.DebugMon_Handler
                0x0000000008000b40        0x2 obj/stm32f4xx_it.o
                0x0000000008000b40                DebugMon_Handler
 .text.PendSV_Handler
                0x0000000008000b42        0x2 obj/stm32f4xx_it.o
                0x0000000008000b42                PendSV_Handler
 .text.SysTick_Handler
                0x0000000008000b44        0x4 obj/stm32f4xx_it.o
                0x0000000008000b44                SysTick_Handler
 .text.EXTI0_IRQHandler
                0x0000000008000b48        0x6 obj/stm32f4xx_it.o
                0x0000000008000b48                EXTI0_IRQHandler
 *fill*         0x0000000008000b4e        0x2 
 .text.USART1_IRQHandler
                0x0000000008000b50        0xc obj/stm32f4xx_it.o
                0x0000000008000b50                USART1_IRQHandler
 .text.USART2_IRQHandler
                0x0000000008000b5c        0xc obj/stm32f4xx_it.o
                0x0000000008000b5c                USART2_IRQHandler
 .text.SystemInit
                0x0000000008000b68       0x40 obj/system_stm32f4xx.o
                0x0000000008000b68                SystemInit
 .text.HAL_InitTick
                0x0000000008000ba8       0x28 lib/libstm32f407_hal.a(stm32f4xx_hal.o)
                0x0000000008000ba8                HAL_InitTick
 .text.HAL_Init
                0x0000000008000bd0       0x34 lib/libstm32f407_hal.a(stm32f4xx_hal.o)
                0x0000000008000bd0                HAL_Init
 .text.HAL_IncTick
                0x0000000008000c04       0x10 lib/libstm32f407_hal.a(stm32f4xx_hal.o)
                0x0000000008000c04                HAL_IncTick
 .text.HAL_GetTick
                0x0000000008000c14        0xc lib/libstm32f407_hal.a(stm32f4xx_hal.o)
                0x0000000008000c14                HAL_GetTick
 .text.HAL_Delay
                0x0000000008000c20       0x20 lib/libstm32f407_hal.a(stm32f4xx_hal.o)
                0x0000000008000c20                HAL_Delay
 .text.HAL_GPIO_Init
                0x0000000008000c40      0x1c0 lib/libstm32f407_hal.a(stm32f4xx_hal_gpio.o)
                0x0000000008000c40                HAL_GPIO_Init
 .text.HAL_GPIO_WritePin
                0x0000000008000e00        0xa lib/libstm32f407_hal.a(stm32f4xx_hal_gpio.o)
                0x0000000008000e00                HAL_GPIO_WritePin
 .text.HAL_GPIO_EXTI_Callback
                0x0000000008000e0a        0x2 lib/libstm32f407_hal.a(stm32f4xx_hal_gpio.o)
                0x0000000008000e0a                HAL_GPIO_EXTI_Callback
 .text.HAL_GPIO_EXTI_IRQHandler
                0x0000000008000e0c       0x18 lib/libstm32f407_hal.a(stm32f4xx_hal_gpio.o)
                0x0000000008000e0c                HAL_GPIO_EXTI_IRQHandler
 .text.HAL_RCC_OscConfig
                0x0000000008000e24      0x2ec lib/libstm32f407_hal.a(stm32f4xx_hal_rcc.o)
                0x0000000008000e24                HAL_RCC_OscConfig
 .text.HAL_RCC_GetSysClockFreq
                0x0000000008001110       0x5c lib/libstm32f407_hal.a(stm32f4xx_hal_rcc.o)
                0x0000000008001110                HAL_RCC_GetSysClockFreq
 .text.HAL_RCC_ClockConfig
                0x000000000800116c      0x134 lib/libstm32f407_hal.a(stm32f4xx_hal_rcc.o)
                0x000000000800116c                HAL_RCC_ClockConfig
 .text.HAL_RCC_GetPCLK1Freq
                0x00000000080012a0       0x20 lib/libstm32f407_hal.a(stm32f4xx_hal_rcc.o)
                0x00000000080012a0                HAL_RCC_GetPCLK1Freq
 .text.HAL_RCC_GetPCLK2Freq
                0x00000000080012c0       0x20 lib/libstm32f407_hal.a(stm32f4xx_hal_rcc.o)
                0x00000000080012c0                HAL_RCC_GetPCLK2Freq
 .text.HAL_NVIC_SetPriorityGrouping
                0x00000000080012e0       0x24 lib/libstm32f407_hal.a(stm32f4xx_hal_cortex.o)
                0x00000000080012e0                HAL_NVIC_SetPriorityGrouping
 .text.HAL_NVIC_SetPriority
                0x0000000008001304       0x68 lib/libstm32f407_hal.a(stm32f4xx_hal_cortex.o)
                0x0000000008001304                HAL_NVIC_SetPriority
 .text.HAL_NVIC_EnableIRQ
                0x000000000800136c       0x18 lib/libstm32f407_hal.a(stm32f4xx_hal_cortex.o)
                0x000000000800136c                HAL_NVIC_EnableIRQ
 .text.HAL_SYSTICK_Config
                0x0000000008001384       0x2c lib/libstm32f407_hal.a(stm32f4xx_hal_cortex.o)
                0x0000000008001384                HAL_SYSTICK_Config
 .text.UART_EndRxTransfer
                0x00000000080013b0       0x1a lib/libstm32f407_hal.a(stm32f4xx_hal_uart.o)
 *fill*         0x00000000080013ca        0x2 
 .text.UART_SetConfig
                0x00000000080013cc      0x234 lib/libstm32f407_hal.a(stm32f4xx_hal_uart.o)
 .text.HAL_UART_Init
                0x0000000008001600       0x5c lib/libstm32f407_hal.a(stm32f4xx_hal_uart.o)
                0x0000000008001600                HAL_UART_Init
 .text.HAL_UART_Transmit_IT
                0x000000000800165c       0x3e lib/libstm32f407_hal.a(stm32f4xx_hal_uart.o)
                0x000000000800165c                HAL_UART_Transmit_IT
 .text.HAL_UART_TxCpltCallback
                0x000000000800169a        0x2 lib/libstm32f407_hal.a(stm32f4xx_hal_uart.o)
                0x000000000800169a                HAL_UART_TxCpltCallback
 .text.HAL_UART_RxCpltCallback
                0x000000000800169c        0x2 lib/libstm32f407_hal.a(stm32f4xx_hal_uart.o)
                0x000000000800169c                HAL_UART_RxCpltCallback
 .text.UART_Receive_IT
                0x000000000800169e       0x74 lib/libstm32f407_hal.a(stm32f4xx_hal_uart.o)
 .text.HAL_UART_ErrorCallback
                0x0000000008001712        0x2 lib/libstm32f407_hal.a(stm32f4xx_hal_uart.o)
                0x0000000008001712                HAL_UART_ErrorCallback
 .text.HAL_UART_IRQHandler
                0x0000000008001714      0x140 lib/libstm32f407_hal.a(stm32f4xx_hal_uart.o)
                0x0000000008001714                HAL_UART_IRQHandler
 .text.UART_DMAAbortOnError
                0x0000000008001854       0x10 lib/libstm32f407_hal.a(stm32f4xx_hal_uart.o)
 .text.SMARTCARD_WaitOnFlagUntilTimeout.constprop.3
                0x0000000008001864       0x50 lib/libstm32f407_hal.a(stm32f4xx_hal_smartcard.o)
 .text.HAL_SMARTCARD_Init
                0x00000000080018b4      0x1dc lib/libstm32f407_hal.a(stm32f4xx_hal_smartcard.o)
                0x00000000080018b4                HAL_SMARTCARD_Init
 .text.HAL_SMARTCARD_Transmit
                0x0000000008001a90       0x9a lib/libstm32f407_hal.a(stm32f4xx_hal_smartcard.o)
                0x0000000008001a90                HAL_SMARTCARD_Transmit
 .text.HAL_SMARTCARD_Receive
                0x0000000008001b2a       0x86 lib/libstm32f407_hal.a(stm32f4xx_hal_smartcard.o)
                0x0000000008001b2a                HAL_SMARTCARD_Receive
 .text.HAL_SMARTCARD_TxCpltCallback
                0x0000000008001bb0        0x2 lib/libstm32f407_hal.a(stm32f4xx_hal_smartcard.o)
                0x0000000008001bb0                HAL_SMARTCARD_TxCpltCallback
 .text.SMARTCARD_Receive_IT
                0x0000000008001bb2       0x4c lib/libstm32f407_hal.a(stm32f4xx_hal_smartcard.o)
 .text.HAL_SMARTCARD_ErrorCallback
                0x0000000008001bfe        0x2 lib/libstm32f407_hal.a(stm32f4xx_hal_smartcard.o)
                0x0000000008001bfe                HAL_SMARTCARD_ErrorCallback
 .text.HAL_SMARTCARD_IRQHandler
                0x0000000008001c00      0x140 lib/libstm32f407_hal.a(stm32f4xx_hal_smartcard.o)
                0x0000000008001c00                HAL_SMARTCARD_IRQHandler
 .text.SMARTCARD_DMAAbortOnError
                0x0000000008001d40       0x10 lib/libstm32f407_hal.a(stm32f4xx_hal_smartcard.o)
 .text.HAL_DMA_Abort_IT
                0x0000000008001d50       0x24 lib/libstm32f407_hal.a(stm32f4xx_hal_dma.o)
                0x0000000008001d50                HAL_DMA_Abort_IT
 .text.startup  0x0000000008001d74       0x14 /usr/lib/gcc/arm-none-eabi/6.3.1/../../../arm-none-eabi/lib/thumb/v7e-m/libc.a(lib_a-__call_atexit.o)
 *(.glue_7)
 .glue_7        0x0000000008001d88        0x0 linker stubs
 *(.glue_7t)
 .glue_7t       0x0000000008001d88        0x0 linker stubs
 *(.eh_frame)
 .eh_frame      0x0000000008001d88        0x0 /usr/lib/gcc/arm-none-eabi/6.3.1/thumb/v7e-m/crtbegin.o
 *(.init)
 .init          0x0000000008001d88        0x4 /usr/lib/gcc/arm-none-eabi/6.3.1/thumb/v7e-m/crti.o
                0x0000000008001d88                _init
 .init          0x0000000008001d8c        0x8 /usr/lib/gcc/arm-none-eabi/6.3.1/thumb/v7e-m/crtn.o
 *(.fini)
 .fini          0x0000000008001d94        0x4 /usr/lib/gcc/arm-none-eabi/6.3.1/thumb/v7e-m/crti.o
                0x0000000008001d94                _fini
 .fini          0x0000000008001d98        0x8 /usr/lib/gcc/arm-none-eabi/6.3.1/thumb/v7e-m/crtn.o
                0x0000000008001da0                . = ALIGN (0x4)
                0x0000000008001da0                _etext = .

.vfp11_veneer   0x0000000008001da0        0x0
 .vfp11_veneer  0x0000000008001da0        0x0 linker stubs

.v4_bx          0x0000000008001da0        0x0
 .v4_bx         0x0000000008001da0        0x0 linker stubs

.iplt           0x0000000008001da0        0x0
 .iplt          0x0000000008001da0        0x0 /usr/lib/gcc/arm-none-eabi/6.3.1/thumb/v7e-m/crtbegin.o

.rodata         0x0000000008001da0       0x20
                0x0000000008001da0                . = ALIGN (0x4)
 *(.rodata)
 .rodata        0x0000000008001da0        0x4 /usr/lib/gcc/arm-none-eabi/6.3.1/../../../arm-none-eabi/lib/thumb/v7e-m/libc.a(lib_a-impure.o)
                0x0000000008001da0                _global_impure_ptr
 *(.rodata*)
 .rodata.AHBPrescTable
                0x0000000008001da4       0x10 obj/system_stm32f4xx.o
                0x0000000008001da4                AHBPrescTable
 .rodata.APBPrescTable
                0x0000000008001db4        0x8 obj/system_stm32f4xx.o
                0x0000000008001db4                APBPrescTable
 .rodata.str1.4
                0x0000000008001dbc        0x4 /usr/lib/gcc/arm-none-eabi/6.3.1/../../../arm-none-eabi/lib/thumb/v7e-m/libc.a(lib_a-impure.o)
                                          0x2 (size before relaxing)
                0x0000000008001dc0                . = ALIGN (0x4)

.ARM.extab
 *(.ARM.extab* .gnu.linkonce.armextab.*)

.ARM            0x0000000008001dc0        0x8
                0x0000000008001dc0                __exidx_start = .
 *(.ARM.exidx*)
 .ARM.exidx     0x0000000008001dc0        0x8 /usr/lib/gcc/arm-none-eabi/6.3.1/thumb/v7e-m/libgcc.a(_udivmoddi4.o)
                0x0000000008001dc8                __exidx_end = .

.rel.dyn        0x0000000008001dc8        0x0
 .rel.iplt      0x0000000008001dc8        0x0 /usr/lib/gcc/arm-none-eabi/6.3.1/thumb/v7e-m/crtbegin.o

.preinit_array  0x0000000008001dc8        0x0
                0x0000000008001dc8                PROVIDE (__preinit_array_start, .)
 *(.preinit_array*)
                0x0000000008001dc8                PROVIDE (__preinit_array_end, .)

.init_array     0x0000000008001dc8        0x8
                0x0000000008001dc8                PROVIDE (__init_array_start, .)
 *(SORT(.init_array.*))
 .init_array.00000
                0x0000000008001dc8        0x4 /usr/lib/gcc/arm-none-eabi/6.3.1/../../../arm-none-eabi/lib/thumb/v7e-m/libc.a(lib_a-__call_atexit.o)
 *(.init_array*)
 .init_array    0x0000000008001dcc        0x4 /usr/lib/gcc/arm-none-eabi/6.3.1/thumb/v7e-m/crtbegin.o
                0x0000000008001dd0                PROVIDE (__init_array_end, .)

.fini_array     0x0000000008001dd0        0x4
                0x0000000008001dd0                PROVIDE (__fini_array_start, .)
 *(SORT(.fini_array.*))
 *(.fini_array*)
 .fini_array    0x0000000008001dd0        0x4 /usr/lib/gcc/arm-none-eabi/6.3.1/thumb/v7e-m/crtbegin.o
                0x0000000008001dd4                PROVIDE (__fini_array_end, .)
                0x0000000008001dd4                _sidata = LOADADDR (.data)

.data           0x0000000020000000      0x434 load address 0x0000000008001dd4
                0x0000000020000000                . = ALIGN (0x4)
                0x0000000020000000                _sdata = .
 *(.data)
 .data          0x0000000020000000      0x430 /usr/lib/gcc/arm-none-eabi/6.3.1/../../../arm-none-eabi/lib/thumb/v7e-m/libc.a(lib_a-impure.o)
                0x0000000020000000                _impure_ptr
 *(.data*)
 .data.SystemCoreClock
                0x0000000020000430        0x4 obj/system_stm32f4xx.o
                0x0000000020000430                SystemCoreClock
                0x0000000020000434                . = ALIGN (0x4)
                0x0000000020000434                _edata = .
                0x0000000008002208                _siccmram = LOADADDR (.ccmram)

.jcr            0x0000000020000434        0x0 load address 0x0000000008002208
 .jcr           0x0000000020000434        0x0 /usr/lib/gcc/arm-none-eabi/6.3.1/thumb/v7e-m/crtbegin.o

.tm_clone_table
                0x0000000020000434        0x0 load address 0x0000000008002208
 .tm_clone_table
                0x0000000020000434        0x0 /usr/lib/gcc/arm-none-eabi/6.3.1/thumb/v7e-m/crtbegin.o
 .tm_clone_table
                0x0000000020000434        0x0 /usr/lib/gcc/arm-none-eabi/6.3.1/thumb/v7e-m/crtend.o

.igot.plt       0x0000000020000434        0x0 load address 0x0000000008002208
 .igot.plt      0x0000000020000434        0x0 /usr/lib/gcc/arm-none-eabi/6.3.1/thumb/v7e-m/crtbegin.o

.ccmram         0x0000000010000000        0x0 load address 0x0000000008002208
                0x0000000010000000                . = ALIGN (0x4)
                0x0000000010000000                _sccmram = .
 *(.ccmram)
 *(.ccmram*)
                0x0000000010000000                . = ALIGN (0x4)
                0x0000000010000000                _eccmram = .
                0x0000000010000000                . = ALIGN (0x4)

.bss            0x0000000020000434      0x2d0
                0x0000000020000434                _sbss = .
                0x0000000020000434                __bss_start__ = _sbss
 *(.bss)
 .bss           0x0000000020000434       0x1c /usr/lib/gcc/arm-none-eabi/6.3.1/thumb/v7e-m/crtbegin.o
 *(.bss*)
 *(COMMON)
 COMMON         0x0000000020000450       0x28 obj/card_interfaces.o
                0x0000000020000450                test
 COMMON         0x0000000020000478      0x288 obj/main.o
                0x0000000020000478                smartcardHandleStruct
                0x00000000200004c8                pSmartcardRxBuff
                0x000000002000052c                RCC_OscInitStruct
                0x000000002000055c                pSmartCardTxBuff
                0x00000000200005c0                uartHandleStruct
                0x0000000020000600                atrBuffer
                0x0000000020000624                RCC_ClkInitStruct
                0x0000000020000638                pUartRxBuff
                0x000000002000069c                pUartTxBuff
 COMMON         0x0000000020000700        0x4 lib/libstm32f407_hal.a(stm32f4xx_hal.o)
                0x0000000020000700                uwTick
                0x0000000020000704                . = ALIGN (0x4)
                0x0000000020000704                _ebss = .
                0x0000000020000704                __bss_end__ = _ebss

._user_heap_stack
                0x0000000020000704      0x600
                0x0000000020000704                . = ALIGN (0x4)
                [!provide]                        PROVIDE (end, .)
                [!provide]                        PROVIDE (_end, .)
                0x0000000020000904                . = (. + _Min_Heap_Size)
 *fill*         0x0000000020000704      0x200 
                0x0000000020000d04                . = (. + _Min_Stack_Size)
 *fill*         0x0000000020000904      0x400 
                0x0000000020000d04                . = ALIGN (0x4)

/DISCARD/
 libc.a(*)
 libm.a(*)
 libgcc.a(*)

.ARM.attributes
                0x0000000000000000       0x2a
 *(.ARM.attributes)
 .ARM.attributes
                0x0000000000000000       0x1e /usr/lib/gcc/arm-none-eabi/6.3.1/thumb/v7e-m/crti.o
 .ARM.attributes
                0x000000000000001e       0x2e /usr/lib/gcc/arm-none-eabi/6.3.1/thumb/v7e-m/crtbegin.o
 .ARM.attributes
                0x000000000000004c       0x33 obj/card_interfaces.o
 .ARM.attributes
                0x000000000000007f       0x33 obj/main.o
 .ARM.attributes
                0x00000000000000b2       0x21 obj/startup_stm32f407xx.o
 .ARM.attributes
                0x00000000000000d3       0x33 obj/stm32f4xx_hal_msp.o
 .ARM.attributes
                0x0000000000000106       0x33 obj/stm32f4xx_it.o
 .ARM.attributes
                0x0000000000000139       0x33 obj/system_stm32f4xx.o
 .ARM.attributes
                0x000000000000016c       0x33 lib/libstm32f407_hal.a(stm32f4xx_hal.o)
 .ARM.attributes
                0x000000000000019f       0x33 lib/libstm32f407_hal.a(stm32f4xx_hal_gpio.o)
 .ARM.attributes
                0x00000000000001d2       0x33 lib/libstm32f407_hal.a(stm32f4xx_hal_rcc.o)
 .ARM.attributes
                0x0000000000000205       0x33 lib/libstm32f407_hal.a(stm32f4xx_hal_cortex.o)
 .ARM.attributes
                0x0000000000000238       0x33 lib/libstm32f407_hal.a(stm32f4xx_hal_uart.o)
 .ARM.attributes
                0x000000000000026b       0x33 lib/libstm32f407_hal.a(stm32f4xx_hal_smartcard.o)
 .ARM.attributes
                0x000000000000029e       0x33 lib/libstm32f407_hal.a(stm32f4xx_hal_dma.o)
 .ARM.attributes
                0x00000000000002d1       0x1e /usr/lib/gcc/arm-none-eabi/6.3.1/thumb/v7e-m/libgcc.a(_aeabi_uldivmod.o)
 .ARM.attributes
                0x00000000000002ef       0x2e /usr/lib/gcc/arm-none-eabi/6.3.1/thumb/v7e-m/libgcc.a(_udivmoddi4.o)
 .ARM.attributes
                0x000000000000031d       0x1e /usr/lib/gcc/arm-none-eabi/6.3.1/thumb/v7e-m/libgcc.a(_dvmd_tls.o)
 .ARM.attributes
                0x000000000000033b       0x2e /usr/lib/gcc/arm-none-eabi/6.3.1/../../../arm-none-eabi/lib/thumb/v7e-m/libc.a(lib_a-atexit.o)
 .ARM.attributes
                0x0000000000000369       0x2e /usr/lib/gcc/arm-none-eabi/6.3.1/../../../arm-none-eabi/lib/thumb/v7e-m/libc.a(lib_a-fini.o)
 .ARM.attributes
                0x0000000000000397       0x2e /usr/lib/gcc/arm-none-eabi/6.3.1/../../../arm-none-eabi/lib/thumb/v7e-m/libc.a(lib_a-impure.o)
 .ARM.attributes
                0x00000000000003c5       0x2e /usr/lib/gcc/arm-none-eabi/6.3.1/../../../arm-none-eabi/lib/thumb/v7e-m/libc.a(lib_a-init.o)
 .ARM.attributes
                0x00000000000003f3       0x2e /usr/lib/gcc/arm-none-eabi/6.3.1/../../../arm-none-eabi/lib/thumb/v7e-m/libc.a(lib_a-__atexit.o)
 .ARM.attributes
                0x0000000000000421       0x2e /usr/lib/gcc/arm-none-eabi/6.3.1/../../../arm-none-eabi/lib/thumb/v7e-m/libc.a(lib_a-__call_atexit.o)
 .ARM.attributes
                0x000000000000044f       0x2e /usr/lib/gcc/arm-none-eabi/6.3.1/thumb/v7e-m/crtend.o
 .ARM.attributes
                0x000000000000047d       0x1e /usr/lib/gcc/arm-none-eabi/6.3.1/thumb/v7e-m/crtn.o
OUTPUT(out/test.elf elf32-littlearm)

.comment        0x0000000000000000       0x56
 .comment       0x0000000000000000       0x2b /usr/lib/gcc/arm-none-eabi/6.3.1/thumb/v7e-m/crtbegin.o
                                         0x2c (size before relaxing)
 .comment       0x000000000000002b       0x2c obj/card_interfaces.o
 .comment       0x000000000000002b       0x2c obj/main.o
 .comment       0x000000000000002b       0x2c obj/stm32f4xx_hal_msp.o
 .comment       0x000000000000002b       0x2c obj/stm32f4xx_it.o
 .comment       0x000000000000002b       0x2c obj/system_stm32f4xx.o
 .comment       0x000000000000002b       0x2c lib/libstm32f407_hal.a(stm32f4xx_hal.o)
 .comment       0x000000000000002b       0x2c lib/libstm32f407_hal.a(stm32f4xx_hal_gpio.o)
 .comment       0x000000000000002b       0x2c lib/libstm32f407_hal.a(stm32f4xx_hal_rcc.o)
 .comment       0x000000000000002b       0x2c lib/libstm32f407_hal.a(stm32f4xx_hal_cortex.o)
 .comment       0x000000000000002b       0x2c lib/libstm32f407_hal.a(stm32f4xx_hal_uart.o)
 .comment       0x000000000000002b       0x2c lib/libstm32f407_hal.a(stm32f4xx_hal_smartcard.o)
 .comment       0x000000000000002b       0x2c lib/libstm32f407_hal.a(stm32f4xx_hal_dma.o)
 .comment       0x000000000000002b       0x2c /usr/lib/gcc/arm-none-eabi/6.3.1/thumb/v7e-m/libgcc.a(_udivmoddi4.o)
 .comment       0x000000000000002b       0x2b /usr/lib/gcc/arm-none-eabi/6.3.1/../../../arm-none-eabi/lib/thumb/v7e-m/libc.a(lib_a-atexit.o)
                                         0x2c (size before relaxing)
 .comment       0x0000000000000056       0x2c /usr/lib/gcc/arm-none-eabi/6.3.1/../../../arm-none-eabi/lib/thumb/v7e-m/libc.a(lib_a-fini.o)
 .comment       0x0000000000000056       0x2c /usr/lib/gcc/arm-none-eabi/6.3.1/../../../arm-none-eabi/lib/thumb/v7e-m/libc.a(lib_a-impure.o)
 .comment       0x0000000000000056       0x2c /usr/lib/gcc/arm-none-eabi/6.3.1/../../../arm-none-eabi/lib/thumb/v7e-m/libc.a(lib_a-init.o)
 .comment       0x0000000000000056       0x2c /usr/lib/gcc/arm-none-eabi/6.3.1/../../../arm-none-eabi/lib/thumb/v7e-m/libc.a(lib_a-__atexit.o)
 .comment       0x0000000000000056       0x2c /usr/lib/gcc/arm-none-eabi/6.3.1/../../../arm-none-eabi/lib/thumb/v7e-m/libc.a(lib_a-__call_atexit.o)
 .comment       0x0000000000000056       0x2c /usr/lib/gcc/arm-none-eabi/6.3.1/thumb/v7e-m/crtend.o

.debug_line     0x0000000000000000      0x9c9
 .debug_line    0x0000000000000000       0x61 /usr/lib/gcc/arm-none-eabi/6.3.1/thumb/v7e-m/libgcc.a(_aeabi_uldivmod.o)
 .debug_line    0x0000000000000061      0x240 /usr/lib/gcc/arm-none-eabi/6.3.1/thumb/v7e-m/libgcc.a(_udivmoddi4.o)
 .debug_line    0x00000000000002a1       0x61 /usr/lib/gcc/arm-none-eabi/6.3.1/thumb/v7e-m/libgcc.a(_dvmd_tls.o)
 .debug_line    0x0000000000000302      0x151 /usr/lib/gcc/arm-none-eabi/6.3.1/../../../arm-none-eabi/lib/thumb/v7e-m/libc.a(lib_a-atexit.o)
 .debug_line    0x0000000000000453       0x9f /usr/lib/gcc/arm-none-eabi/6.3.1/../../../arm-none-eabi/lib/thumb/v7e-m/libc.a(lib_a-fini.o)
 .debug_line    0x00000000000004f2       0xe9 /usr/lib/gcc/arm-none-eabi/6.3.1/../../../arm-none-eabi/lib/thumb/v7e-m/libc.a(lib_a-impure.o)
 .debug_line    0x00000000000005db       0xb8 /usr/lib/gcc/arm-none-eabi/6.3.1/../../../arm-none-eabi/lib/thumb/v7e-m/libc.a(lib_a-init.o)
 .debug_line    0x0000000000000693      0x184 /usr/lib/gcc/arm-none-eabi/6.3.1/../../../arm-none-eabi/lib/thumb/v7e-m/libc.a(lib_a-__atexit.o)
 .debug_line    0x0000000000000817      0x1b2 /usr/lib/gcc/arm-none-eabi/6.3.1/../../../arm-none-eabi/lib/thumb/v7e-m/libc.a(lib_a-__call_atexit.o)

.debug_info     0x0000000000000000     0x3462
 .debug_info    0x0000000000000000       0xbc /usr/lib/gcc/arm-none-eabi/6.3.1/thumb/v7e-m/libgcc.a(_aeabi_uldivmod.o)
 .debug_info    0x00000000000000bc      0xc24 /usr/lib/gcc/arm-none-eabi/6.3.1/thumb/v7e-m/libgcc.a(_udivmoddi4.o)
 .debug_info    0x0000000000000ce0       0xc0 /usr/lib/gcc/arm-none-eabi/6.3.1/thumb/v7e-m/libgcc.a(_dvmd_tls.o)
 .debug_info    0x0000000000000da0      0x907 /usr/lib/gcc/arm-none-eabi/6.3.1/../../../arm-none-eabi/lib/thumb/v7e-m/libc.a(lib_a-atexit.o)
 .debug_info    0x00000000000016a7       0xfa /usr/lib/gcc/arm-none-eabi/6.3.1/../../../arm-none-eabi/lib/thumb/v7e-m/libc.a(lib_a-fini.o)
 .debug_info    0x00000000000017a1      0x8a5 /usr/lib/gcc/arm-none-eabi/6.3.1/../../../arm-none-eabi/lib/thumb/v7e-m/libc.a(lib_a-impure.o)
 .debug_info    0x0000000000002046      0x110 /usr/lib/gcc/arm-none-eabi/6.3.1/../../../arm-none-eabi/lib/thumb/v7e-m/libc.a(lib_a-init.o)
 .debug_info    0x0000000000002156      0x950 /usr/lib/gcc/arm-none-eabi/6.3.1/../../../arm-none-eabi/lib/thumb/v7e-m/libc.a(lib_a-__atexit.o)
 .debug_info    0x0000000000002aa6      0x9bc /usr/lib/gcc/arm-none-eabi/6.3.1/../../../arm-none-eabi/lib/thumb/v7e-m/libc.a(lib_a-__call_atexit.o)

.debug_abbrev   0x0000000000000000      0xb3a
 .debug_abbrev  0x0000000000000000       0x14 /usr/lib/gcc/arm-none-eabi/6.3.1/thumb/v7e-m/libgcc.a(_aeabi_uldivmod.o)
 .debug_abbrev  0x0000000000000014      0x18c /usr/lib/gcc/arm-none-eabi/6.3.1/thumb/v7e-m/libgcc.a(_udivmoddi4.o)
 .debug_abbrev  0x00000000000001a0       0x14 /usr/lib/gcc/arm-none-eabi/6.3.1/thumb/v7e-m/libgcc.a(_dvmd_tls.o)
 .debug_abbrev  0x00000000000001b4      0x1f6 /usr/lib/gcc/arm-none-eabi/6.3.1/../../../arm-none-eabi/lib/thumb/v7e-m/libc.a(lib_a-atexit.o)
 .debug_abbrev  0x00000000000003aa       0xbd /usr/lib/gcc/arm-none-eabi/6.3.1/../../../arm-none-eabi/lib/thumb/v7e-m/libc.a(lib_a-fini.o)
 .debug_abbrev  0x0000000000000467      0x189 /usr/lib/gcc/arm-none-eabi/6.3.1/../../../arm-none-eabi/lib/thumb/v7e-m/libc.a(lib_a-impure.o)
 .debug_abbrev  0x00000000000005f0       0xba /usr/lib/gcc/arm-none-eabi/6.3.1/../../../arm-none-eabi/lib/thumb/v7e-m/libc.a(lib_a-init.o)
 .debug_abbrev  0x00000000000006aa      0x220 /usr/lib/gcc/arm-none-eabi/6.3.1/../../../arm-none-eabi/lib/thumb/v7e-m/libc.a(lib_a-__atexit.o)
 .debug_abbrev  0x00000000000008ca      0x270 /usr/lib/gcc/arm-none-eabi/6.3.1/../../../arm-none-eabi/lib/thumb/v7e-m/libc.a(lib_a-__call_atexit.o)

.debug_aranges  0x0000000000000000      0x120
 .debug_aranges
                0x0000000000000000       0x20 /usr/lib/gcc/arm-none-eabi/6.3.1/thumb/v7e-m/libgcc.a(_aeabi_uldivmod.o)
 .debug_aranges
                0x0000000000000020       0x20 /usr/lib/gcc/arm-none-eabi/6.3.1/thumb/v7e-m/libgcc.a(_udivmoddi4.o)
 .debug_aranges
                0x0000000000000040       0x20 /usr/lib/gcc/arm-none-eabi/6.3.1/thumb/v7e-m/libgcc.a(_dvmd_tls.o)
 .debug_aranges
                0x0000000000000060       0x20 /usr/lib/gcc/arm-none-eabi/6.3.1/../../../arm-none-eabi/lib/thumb/v7e-m/libc.a(lib_a-atexit.o)
 .debug_aranges
                0x0000000000000080       0x20 /usr/lib/gcc/arm-none-eabi/6.3.1/../../../arm-none-eabi/lib/thumb/v7e-m/libc.a(lib_a-fini.o)
 .debug_aranges
                0x00000000000000a0       0x18 /usr/lib/gcc/arm-none-eabi/6.3.1/../../../arm-none-eabi/lib/thumb/v7e-m/libc.a(lib_a-impure.o)
 .debug_aranges
                0x00000000000000b8       0x20 /usr/lib/gcc/arm-none-eabi/6.3.1/../../../arm-none-eabi/lib/thumb/v7e-m/libc.a(lib_a-init.o)
 .debug_aranges
                0x00000000000000d8       0x20 /usr/lib/gcc/arm-none-eabi/6.3.1/../../../arm-none-eabi/lib/thumb/v7e-m/libc.a(lib_a-__atexit.o)
 .debug_aranges
                0x00000000000000f8       0x28 /usr/lib/gcc/arm-none-eabi/6.3.1/../../../arm-none-eabi/lib/thumb/v7e-m/libc.a(lib_a-__call_atexit.o)

.debug_frame    0x0000000000000000      0x164
 .debug_frame   0x0000000000000000       0x2c /usr/lib/gcc/arm-none-eabi/6.3.1/thumb/v7e-m/libgcc.a(_aeabi_uldivmod.o)
 .debug_frame   0x000000000000002c       0x34 /usr/lib/gcc/arm-none-eabi/6.3.1/thumb/v7e-m/libgcc.a(_udivmoddi4.o)
 .debug_frame   0x0000000000000060       0x20 /usr/lib/gcc/arm-none-eabi/6.3.1/../../../arm-none-eabi/lib/thumb/v7e-m/libc.a(lib_a-atexit.o)
 .debug_frame   0x0000000000000080       0x34 /usr/lib/gcc/arm-none-eabi/6.3.1/../../../arm-none-eabi/lib/thumb/v7e-m/libc.a(lib_a-fini.o)
 .debug_frame   0x00000000000000b4       0x2c /usr/lib/gcc/arm-none-eabi/6.3.1/../../../arm-none-eabi/lib/thumb/v7e-m/libc.a(lib_a-init.o)
 .debug_frame   0x00000000000000e0       0x34 /usr/lib/gcc/arm-none-eabi/6.3.1/../../../arm-none-eabi/lib/thumb/v7e-m/libc.a(lib_a-__atexit.o)
 .debug_frame   0x0000000000000114       0x50 /usr/lib/gcc/arm-none-eabi/6.3.1/../../../arm-none-eabi/lib/thumb/v7e-m/libc.a(lib_a-__call_atexit.o)

.debug_loc      0x0000000000000000     0x11dd
 .debug_loc     0x0000000000000000      0xd77 /usr/lib/gcc/arm-none-eabi/6.3.1/thumb/v7e-m/libgcc.a(_udivmoddi4.o)
 .debug_loc     0x0000000000000d77       0x2c /usr/lib/gcc/arm-none-eabi/6.3.1/../../../arm-none-eabi/lib/thumb/v7e-m/libc.a(lib_a-atexit.o)
 .debug_loc     0x0000000000000da3       0x5c /usr/lib/gcc/arm-none-eabi/6.3.1/../../../arm-none-eabi/lib/thumb/v7e-m/libc.a(lib_a-fini.o)
 .debug_loc     0x0000000000000dff       0xae /usr/lib/gcc/arm-none-eabi/6.3.1/../../../arm-none-eabi/lib/thumb/v7e-m/libc.a(lib_a-init.o)
 .debug_loc     0x0000000000000ead      0x197 /usr/lib/gcc/arm-none-eabi/6.3.1/../../../arm-none-eabi/lib/thumb/v7e-m/libc.a(lib_a-__atexit.o)
 .debug_loc     0x0000000000001044      0x199 /usr/lib/gcc/arm-none-eabi/6.3.1/../../../arm-none-eabi/lib/thumb/v7e-m/libc.a(lib_a-__call_atexit.o)

.debug_ranges   0x0000000000000000      0x108
 .debug_ranges  0x0000000000000000       0xd0 /usr/lib/gcc/arm-none-eabi/6.3.1/thumb/v7e-m/libgcc.a(_udivmoddi4.o)
 .debug_ranges  0x00000000000000d0       0x38 /usr/lib/gcc/arm-none-eabi/6.3.1/../../../arm-none-eabi/lib/thumb/v7e-m/libc.a(lib_a-__call_atexit.o)

.debug_str      0x0000000000000000     0x13be
 .debug_str     0x0000000000000000      0xc35 /usr/lib/gcc/arm-none-eabi/6.3.1/thumb/v7e-m/libgcc.a(_udivmoddi4.o)
                                        0xcbe (size before relaxing)
 .debug_str     0x0000000000000c35      0x4e0 /usr/lib/gcc/arm-none-eabi/6.3.1/../../../arm-none-eabi/lib/thumb/v7e-m/libc.a(lib_a-atexit.o)
                                        0x5b2 (size before relaxing)
 .debug_str     0x0000000000001115       0xc6 /usr/lib/gcc/arm-none-eabi/6.3.1/../../../arm-none-eabi/lib/thumb/v7e-m/libc.a(lib_a-fini.o)
                                        0x1cb (size before relaxing)
 .debug_str     0x00000000000011db       0x99 /usr/lib/gcc/arm-none-eabi/6.3.1/../../../arm-none-eabi/lib/thumb/v7e-m/libc.a(lib_a-impure.o)
                                        0x567 (size before relaxing)
 .debug_str     0x0000000000001274       0x93 /usr/lib/gcc/arm-none-eabi/6.3.1/../../../arm-none-eabi/lib/thumb/v7e-m/libc.a(lib_a-init.o)
                                        0x1f5 (size before relaxing)
 .debug_str     0x0000000000001307       0x41 /usr/lib/gcc/arm-none-eabi/6.3.1/../../../arm-none-eabi/lib/thumb/v7e-m/libc.a(lib_a-__atexit.o)
                                        0x5cc (size before relaxing)
 .debug_str     0x0000000000001348       0x76 /usr/lib/gcc/arm-none-eabi/6.3.1/../../../arm-none-eabi/lib/thumb/v7e-m/libc.a(lib_a-__call_atexit.o)
                                        0x5dd (size before relaxing)

Cross Reference Table

Symbol                                            File
ADC_IRQHandler                                    obj/startup_stm32f407xx.o
AHBPrescTable                                     obj/system_stm32f4xx.o
                                                  lib/libstm32f407_hal.a(stm32f4xx_hal_rcc.o)
APBPrescTable                                     obj/system_stm32f4xx.o
                                                  lib/libstm32f407_hal.a(stm32f4xx_hal_rcc.o)
BusFault_Handler                                  obj/stm32f4xx_it.o
                                                  obj/startup_stm32f407xx.o
CAN1_RX0_IRQHandler                               obj/startup_stm32f407xx.o
CAN1_RX1_IRQHandler                               obj/startup_stm32f407xx.o
CAN1_SCE_IRQHandler                               obj/startup_stm32f407xx.o
CAN1_TX_IRQHandler                                obj/startup_stm32f407xx.o
CAN2_RX0_IRQHandler                               obj/startup_stm32f407xx.o
CAN2_RX1_IRQHandler                               obj/startup_stm32f407xx.o
CAN2_SCE_IRQHandler                               obj/startup_stm32f407xx.o
CAN2_TX_IRQHandler                                obj/startup_stm32f407xx.o
CARD_ColdReset                                    obj/card_interfaces.o
CARD_ErrorHandler                                 obj/card_interfaces.o
CARD_Init                                         obj/card_interfaces.o
CARD_InitClkLine                                  obj/card_interfaces.o
                                                  obj/main.o
CARD_InitIOLine                                   obj/card_interfaces.o
                                                  obj/main.o
CARD_InitPwrLine                                  obj/card_interfaces.o
                                                  obj/main.o
CARD_InitRstLine                                  obj/card_interfaces.o
                                                  obj/main.o
CARD_InitSmartcardHandle                          obj/card_interfaces.o
                                                  obj/main.o
CARD_ReceiveBytes                                 obj/card_interfaces.o
CARD_ReceiveCallback                              obj/card_interfaces.o
CARD_SetPwrLine                                   obj/card_interfaces.o
                                                  obj/main.o
CARD_SetRstLine                                   obj/card_interfaces.o
                                                  obj/main.o
CARD_SetUSARTPeriph                               obj/card_interfaces.o
DCMI_IRQHandler                                   obj/startup_stm32f407xx.o
DMA1_Stream0_IRQHandler                           obj/startup_stm32f407xx.o
DMA1_Stream1_IRQHandler                           obj/startup_stm32f407xx.o
DMA1_Stream2_IRQHandler                           obj/startup_stm32f407xx.o
DMA1_Stream3_IRQHandler                           obj/startup_stm32f407xx.o
DMA1_Stream4_IRQHandler                           obj/startup_stm32f407xx.o
DMA1_Stream5_IRQHandler                           obj/startup_stm32f407xx.o
DMA1_Stream6_IRQHandler                           obj/startup_stm32f407xx.o
DMA1_Stream7_IRQHandler                           obj/startup_stm32f407xx.o
DMA2_Stream0_IRQHandler                           obj/startup_stm32f407xx.o
DMA2_Stream1_IRQHandler                           obj/startup_stm32f407xx.o
DMA2_Stream2_IRQHandler                           obj/startup_stm32f407xx.o
DMA2_Stream3_IRQHandler                           obj/startup_stm32f407xx.o
DMA2_Stream4_IRQHandler                           obj/startup_stm32f407xx.o
DMA2_Stream5_IRQHandler                           obj/startup_stm32f407xx.o
DMA2_Stream6_IRQHandler                           obj/startup_stm32f407xx.o
DMA2_Stream7_IRQHandler                           obj/startup_stm32f407xx.o
DebugMon_Handler                                  obj/stm32f4xx_it.o
                                                  obj/startup_stm32f407xx.o
Default_Handler                                   obj/startup_stm32f407xx.o
ETH_IRQHandler                                    obj/startup_stm32f407xx.o
ETH_WKUP_IRQHandler                               obj/startup_stm32f407xx.o
EXTI0_IRQHandler                                  obj/stm32f4xx_it.o
                                                  obj/startup_stm32f407xx.o
EXTI15_10_IRQHandler                              obj/startup_stm32f407xx.o
EXTI1_IRQHandler                                  obj/startup_stm32f407xx.o
EXTI2_IRQHandler                                  obj/startup_stm32f407xx.o
EXTI3_IRQHandler                                  obj/startup_stm32f407xx.o
EXTI4_IRQHandler                                  obj/startup_stm32f407xx.o
EXTI9_5_IRQHandler                                obj/startup_stm32f407xx.o
FLASH_IRQHandler                                  obj/startup_stm32f407xx.o
FPU_IRQHandler                                    obj/startup_stm32f407xx.o
FSMC_IRQHandler                                   obj/startup_stm32f407xx.o
HAL_DBGMCU_DisableDBGSleepMode                    lib/libstm32f407_hal.a(stm32f4xx_hal.o)
HAL_DBGMCU_DisableDBGStandbyMode                  lib/libstm32f407_hal.a(stm32f4xx_hal.o)
HAL_DBGMCU_DisableDBGStopMode                     lib/libstm32f407_hal.a(stm32f4xx_hal.o)
HAL_DBGMCU_EnableDBGSleepMode                     lib/libstm32f407_hal.a(stm32f4xx_hal.o)
HAL_DBGMCU_EnableDBGStandbyMode                   lib/libstm32f407_hal.a(stm32f4xx_hal.o)
HAL_DBGMCU_EnableDBGStopMode                      lib/libstm32f407_hal.a(stm32f4xx_hal.o)
HAL_DMA_Abort                                     lib/libstm32f407_hal.a(stm32f4xx_hal_dma.o)
                                                  lib/libstm32f407_hal.a(stm32f4xx_hal_smartcard.o)
                                                  lib/libstm32f407_hal.a(stm32f4xx_hal_uart.o)
HAL_DMA_Abort_IT                                  lib/libstm32f407_hal.a(stm32f4xx_hal_dma.o)
                                                  lib/libstm32f407_hal.a(stm32f4xx_hal_smartcard.o)
                                                  lib/libstm32f407_hal.a(stm32f4xx_hal_uart.o)
HAL_DMA_DeInit                                    lib/libstm32f407_hal.a(stm32f4xx_hal_dma.o)
HAL_DMA_GetError                                  lib/libstm32f407_hal.a(stm32f4xx_hal_dma.o)
HAL_DMA_GetState                                  lib/libstm32f407_hal.a(stm32f4xx_hal_dma.o)
HAL_DMA_IRQHandler                                lib/libstm32f407_hal.a(stm32f4xx_hal_dma.o)
HAL_DMA_Init                                      lib/libstm32f407_hal.a(stm32f4xx_hal_dma.o)
HAL_DMA_PollForTransfer                           lib/libstm32f407_hal.a(stm32f4xx_hal_dma.o)
HAL_DMA_RegisterCallback                          lib/libstm32f407_hal.a(stm32f4xx_hal_dma.o)
HAL_DMA_Start                                     lib/libstm32f407_hal.a(stm32f4xx_hal_dma.o)
HAL_DMA_Start_IT                                  lib/libstm32f407_hal.a(stm32f4xx_hal_dma.o)
                                                  lib/libstm32f407_hal.a(stm32f4xx_hal_smartcard.o)
                                                  lib/libstm32f407_hal.a(stm32f4xx_hal_uart.o)
HAL_DMA_UnRegisterCallback                        lib/libstm32f407_hal.a(stm32f4xx_hal_dma.o)
HAL_DeInit                                        lib/libstm32f407_hal.a(stm32f4xx_hal.o)
HAL_Delay                                         lib/libstm32f407_hal.a(stm32f4xx_hal.o)
                                                  obj/main.o
                                                  obj/card_interfaces.o
HAL_DisableCompensationCell                       lib/libstm32f407_hal.a(stm32f4xx_hal.o)
HAL_EnableCompensationCell                        lib/libstm32f407_hal.a(stm32f4xx_hal.o)
HAL_GPIO_DeInit                                   lib/libstm32f407_hal.a(stm32f4xx_hal_gpio.o)
HAL_GPIO_EXTI_Callback                            lib/libstm32f407_hal.a(stm32f4xx_hal_gpio.o)
HAL_GPIO_EXTI_IRQHandler                          lib/libstm32f407_hal.a(stm32f4xx_hal_gpio.o)
                                                  obj/stm32f4xx_it.o
HAL_GPIO_Init                                     lib/libstm32f407_hal.a(stm32f4xx_hal_gpio.o)
                                                  lib/libstm32f407_hal.a(stm32f4xx_hal_rcc.o)
                                                  obj/stm32f4xx_hal_msp.o
                                                  obj/card_interfaces.o
HAL_GPIO_LockPin                                  lib/libstm32f407_hal.a(stm32f4xx_hal_gpio.o)
HAL_GPIO_ReadPin                                  lib/libstm32f407_hal.a(stm32f4xx_hal_gpio.o)
HAL_GPIO_TogglePin                                lib/libstm32f407_hal.a(stm32f4xx_hal_gpio.o)
HAL_GPIO_WritePin                                 lib/libstm32f407_hal.a(stm32f4xx_hal_gpio.o)
                                                  obj/card_interfaces.o
HAL_GetDEVID                                      lib/libstm32f407_hal.a(stm32f4xx_hal.o)
HAL_GetHalVersion                                 lib/libstm32f407_hal.a(stm32f4xx_hal.o)
HAL_GetREVID                                      lib/libstm32f407_hal.a(stm32f4xx_hal.o)
HAL_GetTick                                       lib/libstm32f407_hal.a(stm32f4xx_hal.o)
                                                  lib/libstm32f407_hal.a(stm32f4xx_hal_dma.o)
                                                  lib/libstm32f407_hal.a(stm32f4xx_hal_smartcard.o)
                                                  lib/libstm32f407_hal.a(stm32f4xx_hal_uart.o)
                                                  lib/libstm32f407_hal.a(stm32f4xx_hal_rcc.o)
HAL_GetUID                                        lib/libstm32f407_hal.a(stm32f4xx_hal.o)
HAL_HalfDuplex_EnableReceiver                     lib/libstm32f407_hal.a(stm32f4xx_hal_uart.o)
HAL_HalfDuplex_EnableTransmitter                  lib/libstm32f407_hal.a(stm32f4xx_hal_uart.o)
HAL_HalfDuplex_Init                               lib/libstm32f407_hal.a(stm32f4xx_hal_uart.o)
HAL_IncTick                                       lib/libstm32f407_hal.a(stm32f4xx_hal.o)
                                                  obj/stm32f4xx_it.o
HAL_Init                                          lib/libstm32f407_hal.a(stm32f4xx_hal.o)
                                                  obj/main.o
HAL_InitTick                                      lib/libstm32f407_hal.a(stm32f4xx_hal.o)
                                                  lib/libstm32f407_hal.a(stm32f4xx_hal_rcc.o)
HAL_LIN_Init                                      lib/libstm32f407_hal.a(stm32f4xx_hal_uart.o)
HAL_LIN_SendBreak                                 lib/libstm32f407_hal.a(stm32f4xx_hal_uart.o)
HAL_MPU_ConfigRegion                              lib/libstm32f407_hal.a(stm32f4xx_hal_cortex.o)
HAL_MPU_Disable                                   lib/libstm32f407_hal.a(stm32f4xx_hal_cortex.o)
HAL_MPU_Enable                                    lib/libstm32f407_hal.a(stm32f4xx_hal_cortex.o)
HAL_MspDeInit                                     obj/stm32f4xx_hal_msp.o
HAL_MspInit                                       obj/stm32f4xx_hal_msp.o
HAL_MultiProcessor_EnterMuteMode                  lib/libstm32f407_hal.a(stm32f4xx_hal_uart.o)
HAL_MultiProcessor_ExitMuteMode                   lib/libstm32f407_hal.a(stm32f4xx_hal_uart.o)
HAL_MultiProcessor_Init                           lib/libstm32f407_hal.a(stm32f4xx_hal_uart.o)
HAL_NVIC_ClearPendingIRQ                          lib/libstm32f407_hal.a(stm32f4xx_hal_cortex.o)
HAL_NVIC_DisableIRQ                               lib/libstm32f407_hal.a(stm32f4xx_hal_cortex.o)
HAL_NVIC_EnableIRQ                                lib/libstm32f407_hal.a(stm32f4xx_hal_cortex.o)
                                                  obj/stm32f4xx_hal_msp.o
HAL_NVIC_GetActive                                lib/libstm32f407_hal.a(stm32f4xx_hal_cortex.o)
HAL_NVIC_GetPendingIRQ                            lib/libstm32f407_hal.a(stm32f4xx_hal_cortex.o)
HAL_NVIC_GetPriority                              lib/libstm32f407_hal.a(stm32f4xx_hal_cortex.o)
HAL_NVIC_GetPriorityGrouping                      lib/libstm32f407_hal.a(stm32f4xx_hal_cortex.o)
HAL_NVIC_SetPendingIRQ                            lib/libstm32f407_hal.a(stm32f4xx_hal_cortex.o)
HAL_NVIC_SetPriority                              lib/libstm32f407_hal.a(stm32f4xx_hal_cortex.o)
                                                  lib/libstm32f407_hal.a(stm32f4xx_hal.o)
                                                  obj/stm32f4xx_hal_msp.o
HAL_NVIC_SetPriorityGrouping                      lib/libstm32f407_hal.a(stm32f4xx_hal_cortex.o)
                                                  lib/libstm32f407_hal.a(stm32f4xx_hal.o)
HAL_NVIC_SystemReset                              lib/libstm32f407_hal.a(stm32f4xx_hal_cortex.o)
HAL_PPP_MspDeInit                                 obj/stm32f4xx_hal_msp.o
HAL_PPP_MspInit                                   obj/stm32f4xx_hal_msp.o
HAL_RCC_CSSCallback                               lib/libstm32f407_hal.a(stm32f4xx_hal_rcc.o)
HAL_RCC_ClockConfig                               lib/libstm32f407_hal.a(stm32f4xx_hal_rcc.o)
                                                  obj/main.o
HAL_RCC_DeInit                                    lib/libstm32f407_hal.a(stm32f4xx_hal_rcc.o)
HAL_RCC_DisableCSS                                lib/libstm32f407_hal.a(stm32f4xx_hal_rcc.o)
HAL_RCC_EnableCSS                                 lib/libstm32f407_hal.a(stm32f4xx_hal_rcc.o)
HAL_RCC_GetClockConfig                            lib/libstm32f407_hal.a(stm32f4xx_hal_rcc.o)
HAL_RCC_GetHCLKFreq                               lib/libstm32f407_hal.a(stm32f4xx_hal_rcc.o)
HAL_RCC_GetOscConfig                              lib/libstm32f407_hal.a(stm32f4xx_hal_rcc.o)
HAL_RCC_GetPCLK1Freq                              lib/libstm32f407_hal.a(stm32f4xx_hal_rcc.o)
                                                  lib/libstm32f407_hal.a(stm32f4xx_hal_smartcard.o)
                                                  lib/libstm32f407_hal.a(stm32f4xx_hal_uart.o)
HAL_RCC_GetPCLK2Freq                              lib/libstm32f407_hal.a(stm32f4xx_hal_rcc.o)
                                                  lib/libstm32f407_hal.a(stm32f4xx_hal_smartcard.o)
                                                  lib/libstm32f407_hal.a(stm32f4xx_hal_uart.o)
HAL_RCC_GetSysClockFreq                           lib/libstm32f407_hal.a(stm32f4xx_hal_rcc.o)
HAL_RCC_MCOConfig                                 lib/libstm32f407_hal.a(stm32f4xx_hal_rcc.o)
HAL_RCC_NMI_IRQHandler                            lib/libstm32f407_hal.a(stm32f4xx_hal_rcc.o)
HAL_RCC_OscConfig                                 lib/libstm32f407_hal.a(stm32f4xx_hal_rcc.o)
                                                  obj/main.o
HAL_ResumeTick                                    lib/libstm32f407_hal.a(stm32f4xx_hal.o)
HAL_SMARTCARD_Abort                               lib/libstm32f407_hal.a(stm32f4xx_hal_smartcard.o)
HAL_SMARTCARD_AbortCpltCallback                   lib/libstm32f407_hal.a(stm32f4xx_hal_smartcard.o)
HAL_SMARTCARD_AbortReceive                        lib/libstm32f407_hal.a(stm32f4xx_hal_smartcard.o)
HAL_SMARTCARD_AbortReceiveCpltCallback            lib/libstm32f407_hal.a(stm32f4xx_hal_smartcard.o)
HAL_SMARTCARD_AbortReceive_IT                     lib/libstm32f407_hal.a(stm32f4xx_hal_smartcard.o)
HAL_SMARTCARD_AbortTransmit                       lib/libstm32f407_hal.a(stm32f4xx_hal_smartcard.o)
HAL_SMARTCARD_AbortTransmitCpltCallback           lib/libstm32f407_hal.a(stm32f4xx_hal_smartcard.o)
HAL_SMARTCARD_AbortTransmit_IT                    lib/libstm32f407_hal.a(stm32f4xx_hal_smartcard.o)
HAL_SMARTCARD_Abort_IT                            lib/libstm32f407_hal.a(stm32f4xx_hal_smartcard.o)
HAL_SMARTCARD_DeInit                              lib/libstm32f407_hal.a(stm32f4xx_hal_smartcard.o)
                                                  obj/card_interfaces.o
HAL_SMARTCARD_ErrorCallback                       lib/libstm32f407_hal.a(stm32f4xx_hal_smartcard.o)
HAL_SMARTCARD_GetError                            lib/libstm32f407_hal.a(stm32f4xx_hal_smartcard.o)
HAL_SMARTCARD_GetState                            lib/libstm32f407_hal.a(stm32f4xx_hal_smartcard.o)
HAL_SMARTCARD_IRQHandler                          lib/libstm32f407_hal.a(stm32f4xx_hal_smartcard.o)
                                                  obj/stm32f4xx_it.o
HAL_SMARTCARD_Init                                lib/libstm32f407_hal.a(stm32f4xx_hal_smartcard.o)
                                                  obj/main.o
                                                  obj/card_interfaces.o
HAL_SMARTCARD_MspDeInit                           lib/libstm32f407_hal.a(stm32f4xx_hal_smartcard.o)
HAL_SMARTCARD_MspInit                             obj/stm32f4xx_hal_msp.o
HAL_SMARTCARD_Receive                             lib/libstm32f407_hal.a(stm32f4xx_hal_smartcard.o)
                                                  obj/main.o
HAL_SMARTCARD_Receive_DMA                         lib/libstm32f407_hal.a(stm32f4xx_hal_smartcard.o)
HAL_SMARTCARD_Receive_IT                          lib/libstm32f407_hal.a(stm32f4xx_hal_smartcard.o)
                                                  obj/card_interfaces.o
HAL_SMARTCARD_RxCpltCallback                      obj/card_interfaces.o
HAL_SMARTCARD_Transmit                            lib/libstm32f407_hal.a(stm32f4xx_hal_smartcard.o)
                                                  obj/main.o
HAL_SMARTCARD_Transmit_DMA                        lib/libstm32f407_hal.a(stm32f4xx_hal_smartcard.o)
HAL_SMARTCARD_Transmit_IT                         lib/libstm32f407_hal.a(stm32f4xx_hal_smartcard.o)
HAL_SMARTCARD_TxCpltCallback                      lib/libstm32f407_hal.a(stm32f4xx_hal_smartcard.o)
HAL_SYSTICK_CLKSourceConfig                       lib/libstm32f407_hal.a(stm32f4xx_hal_cortex.o)
HAL_SYSTICK_Callback                              lib/libstm32f407_hal.a(stm32f4xx_hal_cortex.o)
HAL_SYSTICK_Config                                lib/libstm32f407_hal.a(stm32f4xx_hal_cortex.o)
                                                  lib/libstm32f407_hal.a(stm32f4xx_hal.o)
HAL_SYSTICK_IRQHandler                            lib/libstm32f407_hal.a(stm32f4xx_hal_cortex.o)
HAL_SuspendTick                                   lib/libstm32f407_hal.a(stm32f4xx_hal.o)
HAL_UART_Abort                                    lib/libstm32f407_hal.a(stm32f4xx_hal_uart.o)
HAL_UART_AbortCpltCallback                        lib/libstm32f407_hal.a(stm32f4xx_hal_uart.o)
HAL_UART_AbortReceive                             lib/libstm32f407_hal.a(stm32f4xx_hal_uart.o)
HAL_UART_AbortReceiveCpltCallback                 lib/libstm32f407_hal.a(stm32f4xx_hal_uart.o)
HAL_UART_AbortReceive_IT                          lib/libstm32f407_hal.a(stm32f4xx_hal_uart.o)
HAL_UART_AbortTransmit                            lib/libstm32f407_hal.a(stm32f4xx_hal_uart.o)
HAL_UART_AbortTransmitCpltCallback                lib/libstm32f407_hal.a(stm32f4xx_hal_uart.o)
HAL_UART_AbortTransmit_IT                         lib/libstm32f407_hal.a(stm32f4xx_hal_uart.o)
HAL_UART_Abort_IT                                 lib/libstm32f407_hal.a(stm32f4xx_hal_uart.o)
HAL_UART_DMAPause                                 lib/libstm32f407_hal.a(stm32f4xx_hal_uart.o)
HAL_UART_DMAResume                                lib/libstm32f407_hal.a(stm32f4xx_hal_uart.o)
HAL_UART_DMAStop                                  lib/libstm32f407_hal.a(stm32f4xx_hal_uart.o)
HAL_UART_DeInit                                   lib/libstm32f407_hal.a(stm32f4xx_hal_uart.o)
HAL_UART_ErrorCallback                            lib/libstm32f407_hal.a(stm32f4xx_hal_uart.o)
HAL_UART_GetError                                 lib/libstm32f407_hal.a(stm32f4xx_hal_uart.o)
HAL_UART_GetState                                 lib/libstm32f407_hal.a(stm32f4xx_hal_uart.o)
HAL_UART_IRQHandler                               lib/libstm32f407_hal.a(stm32f4xx_hal_uart.o)
                                                  obj/stm32f4xx_it.o
HAL_UART_Init                                     lib/libstm32f407_hal.a(stm32f4xx_hal_uart.o)
                                                  obj/main.o
HAL_UART_MspDeInit                                lib/libstm32f407_hal.a(stm32f4xx_hal_uart.o)
HAL_UART_MspInit                                  obj/stm32f4xx_hal_msp.o
HAL_UART_Receive                                  lib/libstm32f407_hal.a(stm32f4xx_hal_uart.o)
HAL_UART_Receive_DMA                              lib/libstm32f407_hal.a(stm32f4xx_hal_uart.o)
HAL_UART_Receive_IT                               lib/libstm32f407_hal.a(stm32f4xx_hal_uart.o)
HAL_UART_RxCpltCallback                           lib/libstm32f407_hal.a(stm32f4xx_hal_uart.o)
HAL_UART_RxHalfCpltCallback                       lib/libstm32f407_hal.a(stm32f4xx_hal_uart.o)
HAL_UART_Transmit                                 lib/libstm32f407_hal.a(stm32f4xx_hal_uart.o)
HAL_UART_Transmit_DMA                             lib/libstm32f407_hal.a(stm32f4xx_hal_uart.o)
HAL_UART_Transmit_IT                              lib/libstm32f407_hal.a(stm32f4xx_hal_uart.o)
                                                  obj/main.o
                                                  obj/card_interfaces.o
HAL_UART_TxCpltCallback                           lib/libstm32f407_hal.a(stm32f4xx_hal_uart.o)
HAL_UART_TxHalfCpltCallback                       lib/libstm32f407_hal.a(stm32f4xx_hal_uart.o)
HASH_RNG_IRQHandler                               obj/startup_stm32f407xx.o
HardFault_Handler                                 obj/stm32f4xx_it.o
                                                  obj/startup_stm32f407xx.o
I2C1_ER_IRQHandler                                obj/startup_stm32f407xx.o
I2C1_EV_IRQHandler                                obj/startup_stm32f407xx.o
I2C2_ER_IRQHandler                                obj/startup_stm32f407xx.o
I2C2_EV_IRQHandler                                obj/startup_stm32f407xx.o
I2C3_ER_IRQHandler                                obj/startup_stm32f407xx.o
I2C3_EV_IRQHandler                                obj/startup_stm32f407xx.o
MemManage_Handler                                 obj/stm32f4xx_it.o
                                                  obj/startup_stm32f407xx.o
NMI_Handler                                       obj/stm32f4xx_it.o
                                                  obj/startup_stm32f407xx.o
OTG_FS_IRQHandler                                 obj/startup_stm32f407xx.o
OTG_FS_WKUP_IRQHandler                            obj/startup_stm32f407xx.o
OTG_HS_EP1_IN_IRQHandler                          obj/startup_stm32f407xx.o
OTG_HS_EP1_OUT_IRQHandler                         obj/startup_stm32f407xx.o
OTG_HS_IRQHandler                                 obj/startup_stm32f407xx.o
OTG_HS_WKUP_IRQHandler                            obj/startup_stm32f407xx.o
PVD_IRQHandler                                    obj/startup_stm32f407xx.o
PendSV_Handler                                    obj/stm32f4xx_it.o
                                                  obj/startup_stm32f407xx.o
RCC_ClkInitStruct                                 obj/main.o
                                                  obj/stm32f4xx_hal_msp.o
RCC_IRQHandler                                    obj/startup_stm32f407xx.o
RCC_OscInitStruct                                 obj/main.o
                                                  obj/stm32f4xx_hal_msp.o
RTC_Alarm_IRQHandler                              obj/startup_stm32f407xx.o
RTC_WKUP_IRQHandler                               obj/startup_stm32f407xx.o
Reset_Handler                                     obj/startup_stm32f407xx.o
SDIO_IRQHandler                                   obj/startup_stm32f407xx.o
SPI1_IRQHandler                                   obj/startup_stm32f407xx.o
SPI2_IRQHandler                                   obj/startup_stm32f407xx.o
SPI3_IRQHandler                                   obj/startup_stm32f407xx.o
SVC_Handler                                       obj/stm32f4xx_it.o
                                                  obj/startup_stm32f407xx.o
SysTick_Handler                                   obj/stm32f4xx_it.o
                                                  obj/startup_stm32f407xx.o
SystemCoreClock                                   obj/system_stm32f4xx.o
                                                  lib/libstm32f407_hal.a(stm32f4xx_hal_dma.o)
                                                  lib/libstm32f407_hal.a(stm32f4xx_hal_rcc.o)
                                                  lib/libstm32f407_hal.a(stm32f4xx_hal.o)
SystemCoreClockUpdate                             obj/system_stm32f4xx.o
SystemInit                                        obj/system_stm32f4xx.o
                                                  obj/startup_stm32f407xx.o
TAMP_STAMP_IRQHandler                             obj/startup_stm32f407xx.o
TIM1_BRK_TIM9_IRQHandler                          obj/startup_stm32f407xx.o
TIM1_CC_IRQHandler                                obj/startup_stm32f407xx.o
TIM1_TRG_COM_TIM11_IRQHandler                     obj/startup_stm32f407xx.o
TIM1_UP_TIM10_IRQHandler                          obj/startup_stm32f407xx.o
TIM2_IRQHandler                                   obj/startup_stm32f407xx.o
TIM3_IRQHandler                                   obj/startup_stm32f407xx.o
TIM4_IRQHandler                                   obj/startup_stm32f407xx.o
TIM5_IRQHandler                                   obj/startup_stm32f407xx.o
TIM6_DAC_IRQHandler                               obj/startup_stm32f407xx.o
TIM7_IRQHandler                                   obj/startup_stm32f407xx.o
TIM8_BRK_TIM12_IRQHandler                         obj/startup_stm32f407xx.o
TIM8_CC_IRQHandler                                obj/startup_stm32f407xx.o
TIM8_TRG_COM_TIM14_IRQHandler                     obj/startup_stm32f407xx.o
TIM8_UP_TIM13_IRQHandler                          obj/startup_stm32f407xx.o
UART4_IRQHandler                                  obj/startup_stm32f407xx.o
UART5_IRQHandler                                  obj/startup_stm32f407xx.o
USART1_IRQHandler                                 obj/stm32f4xx_it.o
                                                  obj/startup_stm32f407xx.o
USART2_IRQHandler                                 obj/stm32f4xx_it.o
                                                  obj/startup_stm32f407xx.o
USART3_IRQHandler                                 obj/startup_stm32f407xx.o
USART6_IRQHandler                                 obj/startup_stm32f407xx.o
UsageFault_Handler                                obj/stm32f4xx_it.o
                                                  obj/startup_stm32f407xx.o
WWDG_IRQHandler                                   obj/startup_stm32f407xx.o
_ITM_deregisterTMCloneTable                       /usr/lib/gcc/arm-none-eabi/6.3.1/thumb/v7e-m/crtbegin.o
_ITM_registerTMCloneTable                         /usr/lib/gcc/arm-none-eabi/6.3.1/thumb/v7e-m/crtbegin.o
_Jv_RegisterClasses                               /usr/lib/gcc/arm-none-eabi/6.3.1/thumb/v7e-m/crtbegin.o
__TMC_END__                                       /usr/lib/gcc/arm-none-eabi/6.3.1/thumb/v7e-m/crtend.o
                                                  /usr/lib/gcc/arm-none-eabi/6.3.1/thumb/v7e-m/crtbegin.o
__aeabi_idiv0                                     /usr/lib/gcc/arm-none-eabi/6.3.1/thumb/v7e-m/libgcc.a(_dvmd_tls.o)
__aeabi_ldiv0                                     /usr/lib/gcc/arm-none-eabi/6.3.1/thumb/v7e-m/libgcc.a(_dvmd_tls.o)
                                                  /usr/lib/gcc/arm-none-eabi/6.3.1/thumb/v7e-m/libgcc.a(_aeabi_uldivmod.o)
__aeabi_uldivmod                                  /usr/lib/gcc/arm-none-eabi/6.3.1/thumb/v7e-m/libgcc.a(_aeabi_uldivmod.o)
                                                  lib/libstm32f407_hal.a(stm32f4xx_hal_rcc.o)
__bss_end__                                       /usr/lib/gcc/arm-none-eabi/6.3.1/../../../arm-none-eabi/lib/thumb/v7e-m/crt0.o
__bss_start__                                     /usr/lib/gcc/arm-none-eabi/6.3.1/../../../arm-none-eabi/lib/thumb/v7e-m/crt0.o
__call_exitprocs                                  /usr/lib/gcc/arm-none-eabi/6.3.1/../../../arm-none-eabi/lib/thumb/v7e-m/libc.a(lib_a-__call_atexit.o)
                                                  /usr/lib/gcc/arm-none-eabi/6.3.1/../../../arm-none-eabi/lib/thumb/v7e-m/libc.a(lib_a-exit.o)
__deregister_frame_info                           /usr/lib/gcc/arm-none-eabi/6.3.1/thumb/v7e-m/crtbegin.o
__dso_handle                                      /usr/lib/gcc/arm-none-eabi/6.3.1/thumb/v7e-m/crtbegin.o
__fini_array_end                                  /usr/lib/gcc/arm-none-eabi/6.3.1/../../../arm-none-eabi/lib/thumb/v7e-m/libc.a(lib_a-fini.o)
__fini_array_start                                /usr/lib/gcc/arm-none-eabi/6.3.1/../../../arm-none-eabi/lib/thumb/v7e-m/libc.a(lib_a-fini.o)
__init_array_end                                  /usr/lib/gcc/arm-none-eabi/6.3.1/../../../arm-none-eabi/lib/thumb/v7e-m/libc.a(lib_a-init.o)
__init_array_start                                /usr/lib/gcc/arm-none-eabi/6.3.1/../../../arm-none-eabi/lib/thumb/v7e-m/libc.a(lib_a-init.o)
__libc_fini                                       /usr/lib/gcc/arm-none-eabi/6.3.1/../../../arm-none-eabi/lib/thumb/v7e-m/libc.a(lib_a-__call_atexit.o)
__libc_fini_array                                 /usr/lib/gcc/arm-none-eabi/6.3.1/../../../arm-none-eabi/lib/thumb/v7e-m/libc.a(lib_a-fini.o)
                                                  /usr/lib/gcc/arm-none-eabi/6.3.1/../../../arm-none-eabi/lib/thumb/v7e-m/libc.a(lib_a-__call_atexit.o)
                                                  /usr/lib/gcc/arm-none-eabi/6.3.1/../../../arm-none-eabi/lib/thumb/v7e-m/crt0.o
__libc_init_array                                 /usr/lib/gcc/arm-none-eabi/6.3.1/../../../arm-none-eabi/lib/thumb/v7e-m/libc.a(lib_a-init.o)
                                                  obj/startup_stm32f407xx.o
                                                  /usr/lib/gcc/arm-none-eabi/6.3.1/../../../arm-none-eabi/lib/thumb/v7e-m/crt0.o
__preinit_array_end                               /usr/lib/gcc/arm-none-eabi/6.3.1/../../../arm-none-eabi/lib/thumb/v7e-m/libc.a(lib_a-init.o)
__preinit_array_start                             /usr/lib/gcc/arm-none-eabi/6.3.1/../../../arm-none-eabi/lib/thumb/v7e-m/libc.a(lib_a-init.o)
__register_exitproc                               /usr/lib/gcc/arm-none-eabi/6.3.1/../../../arm-none-eabi/lib/thumb/v7e-m/libc.a(lib_a-__atexit.o)
                                                  /usr/lib/gcc/arm-none-eabi/6.3.1/../../../arm-none-eabi/lib/thumb/v7e-m/libc.a(lib_a-atexit.o)
__register_frame_info                             /usr/lib/gcc/arm-none-eabi/6.3.1/thumb/v7e-m/crtbegin.o
__stack                                           /usr/lib/gcc/arm-none-eabi/6.3.1/../../../arm-none-eabi/lib/thumb/v7e-m/crt0.o
__udivmoddi4                                      /usr/lib/gcc/arm-none-eabi/6.3.1/thumb/v7e-m/libgcc.a(_udivmoddi4.o)
                                                  /usr/lib/gcc/arm-none-eabi/6.3.1/thumb/v7e-m/libgcc.a(_aeabi_uldivmod.o)
_ebss                                             obj/startup_stm32f407xx.o
_edata                                            obj/startup_stm32f407xx.o
_estack                                           obj/startup_stm32f407xx.o
_exit                                             /usr/lib/gcc/arm-none-eabi/6.3.1/../../../arm-none-eabi/lib/thumb/v7e-m/libc.a(lib_a-exit.o)
_fini                                             /usr/lib/gcc/arm-none-eabi/6.3.1/thumb/v7e-m/crti.o
                                                  /usr/lib/gcc/arm-none-eabi/6.3.1/../../../arm-none-eabi/lib/thumb/v7e-m/libc.a(lib_a-fini.o)
_global_impure_ptr                                /usr/lib/gcc/arm-none-eabi/6.3.1/../../../arm-none-eabi/lib/thumb/v7e-m/libc.a(lib_a-impure.o)
                                                  /usr/lib/gcc/arm-none-eabi/6.3.1/../../../arm-none-eabi/lib/thumb/v7e-m/libc.a(lib_a-__call_atexit.o)
                                                  /usr/lib/gcc/arm-none-eabi/6.3.1/../../../arm-none-eabi/lib/thumb/v7e-m/libc.a(lib_a-__atexit.o)
                                                  /usr/lib/gcc/arm-none-eabi/6.3.1/../../../arm-none-eabi/lib/thumb/v7e-m/libc.a(lib_a-exit.o)
_impure_ptr                                       /usr/lib/gcc/arm-none-eabi/6.3.1/../../../arm-none-eabi/lib/thumb/v7e-m/libc.a(lib_a-impure.o)
_init                                             /usr/lib/gcc/arm-none-eabi/6.3.1/thumb/v7e-m/crti.o
                                                  /usr/lib/gcc/arm-none-eabi/6.3.1/../../../arm-none-eabi/lib/thumb/v7e-m/libc.a(lib_a-init.o)
_mainCRTStartup                                   /usr/lib/gcc/arm-none-eabi/6.3.1/../../../arm-none-eabi/lib/thumb/v7e-m/crt0.o
_sbss                                             obj/startup_stm32f407xx.o
_sdata                                            obj/startup_stm32f407xx.o
_sidata                                           obj/startup_stm32f407xx.o
_start                                            /usr/lib/gcc/arm-none-eabi/6.3.1/../../../arm-none-eabi/lib/thumb/v7e-m/crt0.o
atexit                                            /usr/lib/gcc/arm-none-eabi/6.3.1/../../../arm-none-eabi/lib/thumb/v7e-m/libc.a(lib_a-atexit.o)
                                                  /usr/lib/gcc/arm-none-eabi/6.3.1/../../../arm-none-eabi/lib/thumb/v7e-m/libc.a(lib_a-__call_atexit.o)
                                                  /usr/lib/gcc/arm-none-eabi/6.3.1/../../../arm-none-eabi/lib/thumb/v7e-m/crt0.o
atrBuffer                                         obj/main.o
exit                                              /usr/lib/gcc/arm-none-eabi/6.3.1/../../../arm-none-eabi/lib/thumb/v7e-m/libc.a(lib_a-exit.o)
                                                  /usr/lib/gcc/arm-none-eabi/6.3.1/../../../arm-none-eabi/lib/thumb/v7e-m/crt0.o
free                                              /usr/lib/gcc/arm-none-eabi/6.3.1/../../../arm-none-eabi/lib/thumb/v7e-m/libc.a(lib_a-__call_atexit.o)
g_pfnVectors                                      obj/startup_stm32f407xx.o
hardware_init_hook                                /usr/lib/gcc/arm-none-eabi/6.3.1/../../../arm-none-eabi/lib/thumb/v7e-m/crt0.o
init_horloge                                      obj/main.o
                                                  obj/stm32f4xx_hal_msp.o
init_uart_handle                                  obj/main.o
main                                              obj/main.o
                                                  obj/startup_stm32f407xx.o
                                                  /usr/lib/gcc/arm-none-eabi/6.3.1/../../../arm-none-eabi/lib/thumb/v7e-m/crt0.o
malloc                                            /usr/lib/gcc/arm-none-eabi/6.3.1/../../../arm-none-eabi/lib/thumb/v7e-m/libc.a(lib_a-__atexit.o)
memset                                            /usr/lib/gcc/arm-none-eabi/6.3.1/../../../arm-none-eabi/lib/thumb/v7e-m/libc.a(lib_a-memset.o)
                                                  /usr/lib/gcc/arm-none-eabi/6.3.1/../../../arm-none-eabi/lib/thumb/v7e-m/crt0.o
pSmartCardTxBuff                                  obj/main.o
pSmartcardRxBuff                                  obj/main.o
pUartRxBuff                                       obj/main.o
pUartTxBuff                                       obj/main.o
smartcardHandleStruct                             obj/main.o
                                                  obj/stm32f4xx_it.o
                                                  obj/card_interfaces.o
software_init_hook                                /usr/lib/gcc/arm-none-eabi/6.3.1/../../../arm-none-eabi/lib/thumb/v7e-m/crt0.o
test                                              obj/card_interfaces.o
test2                                             obj/card_interfaces.o
uartHandleStruct                                  obj/main.o
                                                  obj/stm32f4xx_it.o
                                                  obj/card_interfaces.o
uwTick                                            lib/libstm32f407_hal.a(stm32f4xx_hal.o)
